<html>
<body>
<pre>
<h1>µVision Build Log</h1>
<h2>Tool Versions:</h2>
IDE-Version: ¦ÌVision V5.28.0.0
Copyright (C) 2019 ARM Ltd and ARM Germany GmbH. All rights reserved.
License Information: 1 Fengxin, 1, LIC=CZLZX-HZM2A-Z9DG9-43U49-9AMN1-37DPG
 
Tool Versions:
Toolchain:       MDK-ARM Plus  Version: 5.28.0.0
Toolchain Path:  D:\keil5_stm32_f4\ARM\ARMCC\Bin
C Compiler:      Armcc.exe V5.06 update 6 (build 750)
Assembler:       Armasm.exe V5.06 update 6 (build 750)
Linker/Locator:  ArmLink.exe V5.06 update 6 (build 750)
Library Manager: ArmAr.exe V5.06 update 6 (build 750)
Hex Converter:   FromElf.exe V5.06 update 6 (build 750)
CPU DLL:         SARMCM3.DLL V5.28.0.0
Dialog DLL:      DCM.DLL V1.17.3.0
Target DLL:      STLink\ST-LINKIII-KEIL_SWO.dll V3.0.6.0
Dialog DLL:      TCM.DLL V1.36.2.0
 
<h2>Project:</h2>
D:\stm32_f103project\stm32f103c6t6\Project.uvprojx
Project File Date:  12/27/2023

<h2>Output:</h2>
*** Using Compiler 'V5.06 update 6 (build 750)', folder: 'D:\keil5_stm32_f4\ARM\ARMCC\Bin'
Build target 'Target 1'
compiling My_function.c...
System\My_function.c(26): warning:  #186-D: pointless comparison of unsigned integer with zero
      if ((string2int(Serial_RxPacket, 1, 3) < 24) && (string2int(Serial_RxPacket, 1, 3) >= 0)) {
System\My_function.c(33): warning:  #186-D: pointless comparison of unsigned integer with zero
      if ((string2int(Serial_RxPacket, 3, 5) < 60) && (string2int(Serial_RxPacket, 3, 5) >= 0)) {
System\My_function.c(80): warning:  #186-D: pointless comparison of unsigned integer with zero
  						(string2int(Serial_RxPacket,8,10)>=0))
System\My_function.c(89): warning:  #186-D: pointless comparison of unsigned integer with zero
  						(string2int(Serial_RxPacket,10,12)>=0))
System\My_function.c: 4 warnings, 0 errors
compiling main.c...
linking...
Program Size: Code=9504 RO-data=572 RW-data=72 ZI-data=1872  
FromELF: creating hex file...
".\Objects\Project.axf" - 0 Error(s), 4 Warning(s).

<h2>Software Packages used:</h2>

Package Vendor: Keil
                http://www.keil.com/pack/Keil.STM32F1xx_DFP.2.2.0.pack
                Keil.STM32F1xx_DFP.2.2.0
                STMicroelectronics STM32F1 Series Device Support, Drivers and Examples

<h2>Collection of Component include folders:</h2>
  .\RTE\_Target_1
  D:\keil5_stm32_f4\PACK\Keil\STM32F1xx_DFP\2.2.0\Device\Include

<h2>Collection of Component Files used:</h2>
Build Time Elapsed:  00:00:03
</pre>
</body>
</html>
