Component: ARM Compiler 5.06 update 6 (build 750) Tool: armlink [4d35ed]

==============================================================================

Section Cross References

    system_stm32f10x.o(i.SetSysClock) refers to system_stm32f10x.o(i.SetSysClockTo72) for SetSysClockTo72
    system_stm32f10x.o(i.SystemCoreClockUpdate) refers to system_stm32f10x.o(.data) for SystemCoreClock
    system_stm32f10x.o(i.SystemInit) refers to system_stm32f10x.o(i.SetSysClock) for SetSysClock
    startup_stm32f10x_ld.o(STACK) refers (Special) to heapauxi.o(.text) for __use_two_region_memory
    startup_stm32f10x_ld.o(HEAP) refers (Special) to heapauxi.o(.text) for __use_two_region_memory
    startup_stm32f10x_ld.o(RESET) refers (Special) to heapauxi.o(.text) for __use_two_region_memory
    startup_stm32f10x_ld.o(RESET) refers to startup_stm32f10x_ld.o(STACK) for __initial_sp
    startup_stm32f10x_ld.o(RESET) refers to startup_stm32f10x_ld.o(.text) for Reset_Handler
    startup_stm32f10x_ld.o(RESET) refers to stm32f10x_it.o(i.NMI_Handler) for NMI_Handler
    startup_stm32f10x_ld.o(RESET) refers to stm32f10x_it.o(i.HardFault_Handler) for HardFault_Handler
    startup_stm32f10x_ld.o(RESET) refers to stm32f10x_it.o(i.MemManage_Handler) for MemManage_Handler
    startup_stm32f10x_ld.o(RESET) refers to stm32f10x_it.o(i.BusFault_Handler) for BusFault_Handler
    startup_stm32f10x_ld.o(RESET) refers to stm32f10x_it.o(i.UsageFault_Handler) for UsageFault_Handler
    startup_stm32f10x_ld.o(RESET) refers to stm32f10x_it.o(i.SVC_Handler) for SVC_Handler
    startup_stm32f10x_ld.o(RESET) refers to stm32f10x_it.o(i.DebugMon_Handler) for DebugMon_Handler
    startup_stm32f10x_ld.o(RESET) refers to stm32f10x_it.o(i.PendSV_Handler) for PendSV_Handler
    startup_stm32f10x_ld.o(RESET) refers to stm32f10x_it.o(i.SysTick_Handler) for SysTick_Handler
    startup_stm32f10x_ld.o(RESET) refers to main.o(i.TIM3_IRQHandler) for TIM3_IRQHandler
    startup_stm32f10x_ld.o(RESET) refers to serial.o(i.USART1_IRQHandler) for USART1_IRQHandler
    startup_stm32f10x_ld.o(RESET) refers to nec.o(i.EXTI15_10_IRQHandler) for EXTI15_10_IRQHandler
    startup_stm32f10x_ld.o(.text) refers (Special) to heapauxi.o(.text) for __use_two_region_memory
    startup_stm32f10x_ld.o(.text) refers to system_stm32f10x.o(i.SystemInit) for SystemInit
    startup_stm32f10x_ld.o(.text) refers to __main.o(!!!main) for __main
    startup_stm32f10x_ld.o(.text) refers to startup_stm32f10x_ld.o(HEAP) for Heap_Mem
    startup_stm32f10x_ld.o(.text) refers to startup_stm32f10x_ld.o(STACK) for Stack_Mem
    main.o(i.TIM3_IRQHandler) refers to stm32f10x_tim.o(i.TIM_GetITStatus) for TIM_GetITStatus
    main.o(i.TIM3_IRQHandler) refers to ds1302.o(i.DS1302_Readtime) for DS1302_Readtime
    main.o(i.TIM3_IRQHandler) refers to my_function.o(i.Time2cnt) for Time2cnt
    main.o(i.TIM3_IRQHandler) refers to serial.o(i.Serial_SendString) for Serial_SendString
    main.o(i.TIM3_IRQHandler) refers to serial.o(i.Serial_SendNumber) for Serial_SendNumber
    main.o(i.TIM3_IRQHandler) refers to pwm.o(i.PWM_SetCompare1) for PWM_SetCompare1
    main.o(i.TIM3_IRQHandler) refers to stm32f10x_tim.o(i.TIM_ClearITPendingBit) for TIM_ClearITPendingBit
    main.o(i.TIM3_IRQHandler) refers to main.o(.data) for Clock_flag
    main.o(i.TIM3_IRQHandler) refers to ds1302.o(.bss) for time_data
    main.o(i.TIM3_IRQHandler) refers to main.o(.bss) for intact_Clock_Time
    main.o(i.main) refers to _printf_pad.o(.text) for _printf_pre_padding
    main.o(i.main) refers to _printf_percent.o(.ARM.Collect$$_printf_percent$$00000000) for _printf_percent
    main.o(i.main) refers to _printf_d.o(.ARM.Collect$$_printf_percent$$00000009) for _printf_d
    main.o(i.main) refers to _printf_dec.o(.text) for _printf_int_dec
    main.o(i.main) refers to serial.o(i.Serial_Init) for Serial_Init
    main.o(i.main) refers to timer.o(i.Timer_Init) for Timer_Init
    main.o(i.main) refers to pwm.o(i.PWM_Init) for PWM_Init
    main.o(i.main) refers to dht11.o(i.DHT11_GPIO_Config) for DHT11_GPIO_Config
    main.o(i.main) refers to serial.o(i.Serial_SendString) for Serial_SendString
    main.o(i.main) refers to dht11.o(i.Read_DHT11) for Read_DHT11
    main.o(i.main) refers to noretval__2sprintf.o(.text) for __2sprintf
    main.o(i.main) refers to my_function.o(i.Please_Set_Time) for Please_Set_Time
    main.o(i.main) refers to ds1302.o(i.DS1302_init) for DS1302_init
    main.o(i.main) refers to my_function.o(i.Set_Clock) for Set_Clock
    main.o(i.main) refers to strcmpv7m.o(.text) for strcmp
    main.o(i.main) refers to pwm.o(i.PWM_SetCompare1) for PWM_SetCompare1
    main.o(i.main) refers to pwm.o(i.PWM_SetCompare2) for PWM_SetCompare2
    main.o(i.main) refers to strlen.o(.text) for strlen
    main.o(i.main) refers to my_function.o(i.string2int) for string2int
    main.o(i.main) refers to serial.o(.data) for Serial_RxFlag
    main.o(i.main) refers to serial.o(.bss) for Serial_RxPacket
[...]
    ../clib/armsys.c                         0x00000000   Number         0  argv_veneer.o ABSOLUTE
    ../clib/armsys.c                         0x00000000   Number         0  argv_veneer.o ABSOLUTE
    ../clib/heap1.c                          0x00000000   Number         0  h1_init_mt.o ABSOLUTE
    ../clib/heap1.c                          0x00000000   Number         0  h1_init.o ABSOLUTE
    ../clib/heap1.c                          0x00000000   Number         0  h1_free.o ABSOLUTE
    ../clib/heap1.c                          0x00000000   Number         0  h1_alloc.o ABSOLUTE
    ../clib/heap1.c                          0x00000000   Number         0  h1_extend.o ABSOLUTE
    ../clib/heap1.c                          0x00000000   Number         0  h1_extend_mt.o ABSOLUTE
    ../clib/heap1.c                          0x00000000   Number         0  h1_free_mt.o ABSOLUTE
    ../clib/heap1.c                          0x00000000   Number         0  h1_final_mt.o ABSOLUTE
    ../clib/heap1.c                          0x00000000   Number         0  h1_final.o ABSOLUTE
    ../clib/heap1.c                          0x00000000   Number         0  h1_alloc_mt.o ABSOLUTE
    ../clib/heap2.c                          0x00000000   Number         0  fdtree.o ABSOLUTE
    ../clib/heap2.c                          0x00000000   Number         0  heap2mt.o ABSOLUTE
    ../clib/heap2.c                          0x00000000   Number         0  heap2.o ABSOLUTE
    ../clib/heapalloc.c                      0x00000000   Number         0  heapstubs.o ABSOLUTE
    ../clib/heapalloc.c                      0x00000000   Number         0  hguard.o ABSOLUTE
    ../clib/heapalloc.c                      0x00000000   Number         0  term_alloc.o ABSOLUTE
    ../clib/heapalloc.c                      0x00000000   Number         0  malloc.o ABSOLUTE
    ../clib/heapalloc.c                      0x00000000   Number         0  maybetermalloc1.o ABSOLUTE
    ../clib/heapalloc.c                      0x00000000   Number         0  hrguard.o ABSOLUTE
    ../clib/heapalloc.c                      0x00000000   Number         0  free.o ABSOLUTE
    ../clib/heapalloc.c                      0x00000000   Number         0  maybetermalloc1.o ABSOLUTE
    ../clib/heapalloc.c                      0x00000000   Number         0  maybetermalloc2.o ABSOLUTE
    ../clib/heapalloc.c                      0x00000000   Number         0  init_alloc.o ABSOLUTE
    ../clib/heapalloc.c                      0x00000000   Number         0  maybetermalloc2.o ABSOLUTE
    ../clib/heapaux.c                        0x00000000   Number         0  heapauxi.o ABSOLUTE
    ../clib/heapaux.c                        0x00000000   Number         0  heapauxa.o ABSOLUTE
    ../clib/libinit.s                        0x00000000   Number         0  libshutdown.o ABSOLUTE
    ../clib/libinit.s                        0x00000000   Number         0  libinit2.o ABSOLUTE
    ../clib/libinit.s                        0x00000000   Number         0  libinit.o ABSOLUTE
    ../clib/libinit.s                        0x00000000   Number         0  libshutdown2.o ABSOLUTE
    ../clib/locale.s                         0x00000000   Number         0  lc_ctype_c.o ABSOLUTE
    ../clib/memcpset.s                       0x00000000   Number         0  strcmpv7m.o ABSOLUTE
    ../clib/memcpset.s                       0x00000000   Number         0  rt_memcpy_w.o ABSOLUTE
    ../clib/memcpset.s                       0x00000000   Number         0  rt_memmove_v6.o ABSOLUTE
    ../clib/memcpset.s                       0x00000000   Number         0  rt_memclr_w.o ABSOLUTE
    ../clib/memcpset.s                       0x00000000   Number         0  rt_memmove_w.o ABSOLUTE
    ../clib/memcpset.s                       0x00000000   Number         0  rt_memcpy_v6.o ABSOLUTE
    ../clib/misc.s                           0x00000000   Number         0  printf_stubs.o ABSOLUTE
    ../clib/printf.c                         0x00000000   Number         0  __2sprintf.o ABSOLUTE
    ../clib/printf.c                         0x00000000   Number         0  noretval__2sprintf.o ABSOLUTE
    ../clib/printf.c                         0x00000000   Number         0  __printf.o ABSOLUTE
    ../clib/printf.c                         0x00000000   Number         0  _printf_pad.o ABSOLUTE
    ../clib/printf.c                         0x00000000   Number         0  _printf_dec.o ABSOLUTE
    ../clib/printf.c                         0x00000000   Number         0  __printf_flags.o ABSOLUTE
    ../clib/printf.c                         0x00000000   Number         0  _sputc.o ABSOLUTE
    ../clib/printf.c                         0x00000000   Number         0  __printf_nopercent.o ABSOLUTE
    ../clib/printf.c                         0x00000000   Number         0  _printf_intcommon.o ABSOLUTE
    ../clib/printf.c                         0x00000000   Number         0  _printf_char_common.o ABSOLUTE
    ../clib/printf.c                         0x00000000   Number         0  __printf_ss.o ABSOLUTE
    ../clib/printf.c                         0x00000000   Number         0  __printf_flags_ss.o ABSOLUTE
    ../clib/printf.c                         0x00000000   Number         0  __printf_wp.o ABSOLUTE
    ../clib/printf.c                         0x00000000   Number         0  __printf_flags_ss_wp.o ABSOLUTE
    ../clib/printf.c                         0x00000000   Number         0  __printf_flags_wp.o ABSOLUTE
    ../clib/printf.c                         0x00000000   Number         0  __printf_ss_wp.o ABSOLUTE
    ../clib/printf_percent.s                 0x00000000   Number         0  _printf_percent_end.o ABSOLUTE
    ../clib/printf_percent.s                 0x00000000   Number         0  _printf_d.o ABSOLUTE
    ../clib/printf_percent.s                 0x00000000   Number         0  _printf_percent.o ABSOLUTE
    ../clib/scanf.c                          0x00000000   Number         0  _strtoul.o ABSOLUTE
    ../clib/scanf.c                          0x00000000   Number         0  _chval.o ABSOLUTE
    ../clib/scanf.c                          0x00000000   Number         0  strtol.o ABSOLUTE
    ../clib/signal.c                         0x00000000   Number         0  __raise.o ABSOLUTE
    ../clib/signal.c                         0x00000000   Number         0  defsig_general.o ABSOLUTE
    ../clib/signal.c                         0x00000000   Number         0  defsig_rtmem_inner.o ABSOLUTE
    ../clib/signal.c                         0x00000000   Number         0  defsig_pvfn_inner.o ABSOLUTE
    ../clib/signal.c                         0x00000000   Number         0  defsig_fpe_inner.o ABSOLUTE
    ../clib/signal.c                         0x00000000   Number         0  defsig_rtred_inner.o ABSOLUTE
    ../clib/signal.c                         0x00000000   Number         0  defsig_stak_inner.o ABSOLUTE
    ../clib/signal.c                         0x00000000   Number         0  defsig_other.o ABSOLUTE
    ../clib/signal.c                         0x00000000   Number         0  defsig_segv_inner.o ABSOLUTE
    ../clib/signal.c                         0x00000000   Number         0  defsig_cppl_inner.o ABSOLUTE
    ../clib/signal.c                         0x00000000   Number         0  defsig_rtmem_outer.o ABSOLUTE
    ../clib/signal.c                         0x00000000   Number         0  defsig_rtmem_formal.o ABSOLUTE
    ../clib/signal.c                         0x00000000   Number         0  defsig_exit.o ABSOLUTE
    ../clib/signal.c                         0x00000000   Number         0  defsig_abrt_inner.o ABSOLUTE
    ../clib/signal.s                         0x00000000   Number         0  defsig.o ABSOLUTE
    ../clib/stdlib.c                         0x00000000   Number         0  exit.o ABSOLUTE
    ../clib/string.c                         0x00000000   Number         0  strlen.o ABSOLUTE
    ../clib/time.c                           0x00000000   Number         0  _monlen.o ABSOLUTE
    ../clib/time.c                           0x00000000   Number         0  localtime_internal.o ABSOLUTE
    ../clib/time.c                           0x00000000   Number         0  localtime.o ABSOLUTE
    ../clib/time.c                           0x00000000   Number         0  mktime.o ABSOLUTE
    ../fplib/fpinit.s                        0x00000000   Number         0  fpinit.o ABSOLUTE
    Hardware\DHT11.c                         0x00000000   Number         0  dht11.o ABSOLUTE
    Hardware\DS1302.c                        0x00000000   Number         0  ds1302.o ABSOLUTE
    Hardware\Key.c                           0x00000000   Number         0  key.o ABSOLUTE
    Hardware\LED.c                           0x00000000   Number         0  led.o ABSOLUTE
    Hardware\PWM.c                           0x00000000   Number         0  pwm.o ABSOLUTE
    Hardware\Serial.c                        0x00000000   Number         0  serial.o ABSOLUTE
    Hardware\Timer.c                         0x00000000   Number         0  timer.o ABSOLUTE
    Hardware\nec.c                           0x00000000   Number         0  nec.o ABSOLUTE
    Library\misc.c                           0x00000000   Number         0  misc.o ABSOLUTE
    Library\stm32f10x_adc.c                  0x00000000   Number         0  stm32f10x_adc.o ABSOLUTE
    Library\stm32f10x_bkp.c                  0x00000000   Number         0  stm32f10x_bkp.o ABSOLUTE
    Library\stm32f10x_can.c                  0x00000000   Number         0  stm32f10x_can.o ABSOLUTE
    Library\stm32f10x_cec.c                  0x00000000   Number         0  stm32f10x_cec.o ABSOLUTE
    Library\stm32f10x_crc.c                  0x00000000   Number         0  stm32f10x_crc.o ABSOLUTE
    Library\stm32f10x_dac.c                  0x00000000   Number         0  stm32f10x_dac.o ABSOLUTE
    Library\stm32f10x_dbgmcu.c               0x00000000   Number         0  stm32f10x_dbgmcu.o ABSOLUTE
    Library\stm32f10x_dma.c                  0x00000000   Number         0  stm32f10x_dma.o ABSOLUTE
    Library\stm32f10x_exti.c                 0x00000000   Number         0  stm32f10x_exti.o ABSOLUTE
    Library\stm32f10x_flash.c                0x00000000   Number         0  stm32f10x_flash.o ABSOLUTE
    Library\stm32f10x_fsmc.c                 0x00000000   Number         0  stm32f10x_fsmc.o ABSOLUTE
    Library\stm32f10x_gpio.c                 0x00000000   Number         0  stm32f10x_gpio.o ABSOLUTE
    Library\stm32f10x_i2c.c                  0x00000000   Number         0  stm32f10x_i2c.o ABSOLUTE
    Library\stm32f10x_iwdg.c                 0x00000000   Number         0  stm32f10x_iwdg.o ABSOLUTE
    Library\stm32f10x_pwr.c                  0x00000000   Number         0  stm32f10x_pwr.o ABSOLUTE
    Library\stm32f10x_rcc.c                  0x00000000   Number         0  stm32f10x_rcc.o ABSOLUTE
    Library\stm32f10x_rtc.c                  0x00000000   Number         0  stm32f10x_rtc.o ABSOLUTE
    Library\stm32f10x_sdio.c                 0x00000000   Number         0  stm32f10x_sdio.o ABSOLUTE
    Library\stm32f10x_spi.c                  0x00000000   Number         0  stm32f10x_spi.o ABSOLUTE
    Library\stm32f10x_tim.c                  0x00000000   Number         0  stm32f10x_tim.o ABSOLUTE
    Library\stm32f10x_usart.c                0x00000000   Number         0  stm32f10x_usart.o ABSOLUTE
    Library\stm32f10x_wwdg.c                 0x00000000   Number         0  stm32f10x_wwdg.o ABSOLUTE
    Start\\core_cm3.c                        0x00000000   Number         0  core_cm3.o ABSOLUTE
    Start\core_cm3.c                         0x00000000   Number         0  core_cm3.o ABSOLUTE
    Start\startup_stm32f10x_ld.s             0x00000000   Number         0  startup_stm32f10x_ld.o ABSOLUTE
    Start\system_stm32f10x.c                 0x00000000   Number         0  system_stm32f10x.o ABSOLUTE
    System\Delay.c                           0x00000000   Number         0  delay.o ABSOLUTE
    System\MyRTC.c                           0x00000000   Number         0  myrtc.o ABSOLUTE
    System\My_function.c                     0x00000000   Number         0  my_function.o ABSOLUTE
    User\main.c                              0x00000000   Number         0  main.o ABSOLUTE
    User\stm32f10x_it.c                      0x00000000   Number         0  stm32f10x_it.o ABSOLUTE
    dc.s                                     0x00000000   Number         0  dc.o ABSOLUTE
    RESET                                    0x08000000   Section      236  startup_stm32f10x_ld.o(RESET)
    !!!main                                  0x080000ec   Section        8  __main.o(!!!main)
    !!!scatter                               0x080000f4   Section       52  __scatter.o(!!!scatter)
    !!handler_copy                           0x08000128   Section       26  __scatter_copy.o(!!handler_copy)
    !!handler_zi                             0x08000144   Section       28  __scatter_zi.o(!!handler_zi)
    .ARM.Collect$$_printf_percent$$00000000  0x08000160   Section        0  _printf_percent.o(.ARM.Collect$$_printf_percent$$00000000)
    .ARM.Collect$$_printf_percent$$00000009  0x08000160   Section        6  _printf_d.o(.ARM.Collect$$_printf_percent$$00000009)
    .ARM.Collect$$_printf_percent$$00000017  0x08000166   Section        4  _printf_percent_end.o(.ARM.Collect$$_printf_percent$$00000017)
    .ARM.Collect$$libinit$$00000000          0x0800016a   Section        2  libinit.o(.ARM.Collect$$libinit$$00000000)
    .ARM.Collect$$libinit$$00000002          0x0800016c   Section        0  libinit2.o(.ARM.Collect$$libinit$$00000002)
    .ARM.Collect$$libinit$$00000004          0x0800016c   Section        0  libinit2.o(.ARM.Collect$$libinit$$00000004)
    .ARM.Collect$$libinit$$00000005          0x0800016c   Section        8  libinit2.o(.ARM.Collect$$libinit$$00000005)
    .ARM.Collect$$libinit$$0000000A          0x08000174   Section        0  libinit2.o(.ARM.Collect$$libinit$$0000000A)
    .ARM.Collect$$libinit$$0000000C          0x08000174   Section        0  libinit2.o(.ARM.Collect$$libinit$$0000000C)
    .ARM.Collect$$libinit$$0000000E          0x08000174   Section        0  libinit2.o(.ARM.Collect$$libinit$$0000000E)
    .ARM.Collect$$libinit$$0000000F          0x08000174   Section        6  libinit2.o(.ARM.Collect$$libinit$$0000000F)
    .ARM.Collect$$libinit$$00000011          0x0800017a   Section        0  libinit2.o(.ARM.Collect$$libinit$$00000011)
    .ARM.Collect$$libinit$$00000012          0x0800017a   Section       12  libinit2.o(.ARM.Collect$$libinit$$00000012)
    .ARM.Collect$$libinit$$00000013          0x08000186   Section        0  libinit2.o(.ARM.Collect$$libinit$$00000013)
    .ARM.Collect$$libinit$$00000015          0x08000186   Section        0  libinit2.o(.ARM.Collect$$libinit$$00000015)
    .ARM.Collect$$libinit$$00000017          0x08000186   Section        0  libinit2.o(.ARM.Collect$$libinit$$00000017)
    .ARM.Collect$$libinit$$00000019          0x08000186   Section        0  libinit2.o(.ARM.Collect$$libinit$$00000019)
    .ARM.Collect$$libinit$$0000001B          0x08000186   Section        0  libinit2.o(.ARM.Collect$$libinit$$0000001B)
    .ARM.Collect$$libinit$$0000001D          0x08000186   Section        0  libinit2.o(.ARM.Collect$$libinit$$0000001D)
    .ARM.Collect$$libinit$$0000001F          0x08000186   Section        0  libinit2.o(.ARM.Collect$$libinit$$0000001F)
    .ARM.Collect$$libinit$$00000021          0x08000186   Section        0  libinit2.o(.ARM.Collect$$libinit$$00000021)
    .ARM.Collect$$libinit$$00000023          0x08000186   Section        0  libinit2.o(.ARM.Collect$$libinit$$00000023)
    .ARM.Collect$$libinit$$00000025          0x08000186   Section        0  libinit2.o(.ARM.Collect$$libinit$$00000025)
    .ARM.Collect$$libinit$$0000002C          0x08000186   Section        0  libinit2.o(.ARM.Collect$$libinit$$0000002C)
    .ARM.Collect$$libinit$$0000002E          0x08000186   Section        0  libinit2.o(.ARM.Collect$$libinit$$0000002E)
    .ARM.Collect$$libinit$$00000030          0x08000186   Section        0  libinit2.o(.ARM.Collect$$libinit$$00000030)
    .ARM.Collect$$libinit$$00000032          0x08000186   Section        0  libinit2.o(.ARM.Collect$$libinit$$00000032)
    .ARM.Collect$$libinit$$00000033          0x08000186   Section        2  libinit2.o(.ARM.Collect$$libinit$$00000033)
    .ARM.Collect$$libshutdown$$00000000      0x08000188   Section        2  libshutdown.o(.ARM.Collect$$libshutdown$$00000000)
    .ARM.Collect$$libshutdown$$00000002      0x0800018a   Section        0  libshutdown2.o(.ARM.Collect$$libshutdown$$00000002)
    .ARM.Collect$$libshutdown$$00000004      0x0800018a   Section        0  libshutdown2.o(.ARM.Collect$$libshutdown$$00000004)
    .ARM.Collect$$libshutdown$$00000007      0x0800018a   Section        0  libshutdown2.o(.ARM.Collect$$libshutdown$$00000007)
    .ARM.Collect$$libshutdown$$0000000A      0x0800018a   Section        0  libshutdown2.o(.ARM.Collect$$libshutdown$$0000000A)
    .ARM.Collect$$libshutdown$$0000000C      0x0800018a   Section        0  libshutdown2.o(.ARM.Collect$$libshutdown$$0000000C)
    .ARM.Collect$$libshutdown$$0000000F      0x0800018a   Section        0  libshutdown2.o(.ARM.Collect$$libshutdown$$0000000F)
    .ARM.Collect$$libshutdown$$00000010      0x0800018a   Section        2  libshutdown2.o(.ARM.Collect$$libshutdown$$00000010)
    .ARM.Collect$$rtentry$$00000000          0x0800018c   Section        0  __rtentry.o(.ARM.Collect$$rtentry$$00000000)
    .ARM.Collect$$rtentry$$00000002          0x0800018c   Section        0  __rtentry2.o(.ARM.Collect$$rtentry$$00000002)
    .ARM.Collect$$rtentry$$00000004          0x0800018c   Section        6  __rtentry4.o(.ARM.Collect$$rtentry$$00000004)
    .ARM.Collect$$rtentry$$00000009          0x08000192   Section        0  __rtentry2.o(.ARM.Collect$$rtentry$$00000009)
    .ARM.Collect$$rtentry$$0000000A          0x08000192   Section        4  __rtentry2.o(.ARM.Collect$$rtentry$$0000000A)
    .ARM.Collect$$rtentry$$0000000C          0x08000196   Section        0  __rtentry2.o(.ARM.Collect$$rtentry$$0000000C)
    .ARM.Collect$$rtentry$$0000000D          0x08000196   Section        8  __rtentry2.o(.ARM.Collect$$rtentry$$0000000D)
    .ARM.Collect$$rtexit$$00000000           0x0800019e   Section        2  rtexit.o(.ARM.Collect$$rtexit$$00000000)
    .ARM.Collect$$rtexit$$00000002           0x080001a0   Section        0  rtexit2.o(.ARM.Collect$$rtexit$$00000002)
    .ARM.Collect$$rtexit$$00000003           0x080001a0   Section        4  rtexit2.o(.ARM.Collect$$rtexit$$00000003)
    .ARM.Collect$$rtexit$$00000004           0x080001a4   Section        6  rtexit2.o(.ARM.Collect$$rtexit$$00000004)
    .emb_text                                0x080001ac   Section        0  maybetermalloc1.o(.emb_text)
    .text                                    0x080001ac   Section       64  startup_stm32f10x_ld.o(.text)
    .text                                    0x080001ec   Section        0  h1_alloc.o(.text)
    .text                                    0x0800024a   Section        0  h1_free.o(.text)
    .text                                    0x08000298   Section        0  noretval__2sprintf.o(.text)
    .text                                    0x080002c0   Section        0  _printf_pad.o(.text)
    .text                                    0x08000310   Section        0  _printf_dec.o(.text)
    .text                                    0x08000388   Section        0  __printf_flags_wp.o(.text)
    .text                                    0x080004c0   Section        0  strtol.o(.text)
    .text                                    0x08000530   Section        0  strlen.o(.text)
    .text                                    0x0800056e   Section      132  rt_memmove_v6.o(.text)
    .text                                    0x080005f2   Section      100  rt_memcpy_w.o(.text)
    .text                                    0x08000658   Section      128  strcmpv7m.o(.text)
    .text                                    0x080006d8   Section        0  mktime.o(.text)
    _tm_carry                                0x080006d9   Thumb Code    62  mktime.o(.text)
    .text                                    0x08000884   Section        0  heapauxi.o(.text)
    .text                                    0x0800088c   Section       16  rt_ctype_table.o(.text)
    .text                                    0x0800089c   Section        8  rt_heap_descriptor_intlibspace.o(.text)
    .text                                    0x080008a4   Section        8  rt_errno_addr_intlibspace.o(.text)
    .text                                    0x080008ac   Section        0  hguard.o(.text)
    .text                                    0x080008b0   Section        0  init_alloc.o(.text)
    .text                                    0x0800093a   Section        0  h1_init.o(.text)
    .text                                    0x08000948   Section        0  _printf_intcommon.o(.text)
    .text                                    0x080009fc   Section        0  _printf_char_common.o(.text)
    _printf_input_char                       0x080009fd   Thumb Code    10  _printf_char_common.o(.text)
    .text                                    0x08000a2c   Section        0  _sputc.o(.text)
    .text                                    0x08000a36   Section        0  _strtoul.o(.text)
    .text                                    0x08000ad4   Section      138  rt_memcpy_v6.o(.text)
    .text                                    0x08000b5e   Section      122  rt_memmove_w.o(.text)
    .text                                    0x08000bd8   Section        8  libspace.o(.text)
    .text                                    0x08000be0   Section        8  rt_locale_intlibspace.o(.text)
    .text                                    0x08000be8   Section        0  h1_extend.o(.text)
    .text                                    0x08000c1c   Section        0  _chval.o(.text)
    .text                                    0x08000c38   Section        0  defsig_rtmem_outer.o(.text)
    .text                                    0x08000c46   Section        2  use_no_semi.o(.text)
    .text                                    0x08000c48   Section        0  indicate_semi.o(.text)
    .text                                    0x08000c48   Section       74  sys_stackheap_outer.o(.text)
    .text                                    0x08000c92   Section        0  exit.o(.text)
    .text                                    0x08000ca4   Section        0  defsig_exit.o(.text)
    .text                                    0x08000cb0   Section        0  defsig_rtmem_inner.o(.text)
    .text                                    0x08000d00   Section        0  sys_exit.o(.text)
    .text                                    0x08000d0c   Section        0  defsig_general.o(.text)
    .text                                    0x08000d3e   Section        0  sys_wrch.o(.text)
    i.BusFault_Handler                       0x08000d4c   Section        0  stm32f10x_it.o(i.BusFault_Handler)
    i.DHT11_GPIO_Config                      0x08000d50   Section        0  dht11.o(i.DHT11_GPIO_Config)
    i.DHT11_Mode_IPU                         0x08000d84   Section        0  dht11.o(i.DHT11_Mode_IPU)
    DHT11_Mode_IPU                           0x08000d85   Thumb Code    24  dht11.o(i.DHT11_Mode_IPU)
    i.DHT11_Mode_Out_PP                      0x08000da0   Section        0  dht11.o(i.DHT11_Mode_Out_PP)
    DHT11_Mode_Out_PP                        0x08000da1   Thumb Code    30  dht11.o(i.DHT11_Mode_Out_PP)
    i.DS1302_GPIOInit                        0x08000dc4   Section        0  ds1302.o(i.DS1302_GPIOInit)
    i.DS1302_IO_GPIO                         0x08000df0   Section        0  ds1302.o(i.DS1302_IO_GPIO)
    i.DS1302_Read                            0x08000e38   Section        0  ds1302.o(i.DS1302_Read)
    i.DS1302_Readtime                        0x08000f04   Section        0  ds1302.o(i.DS1302_Readtime)
    i.DS1302_SetTime                         0x08000f50   Section        0  ds1302.o(i.DS1302_SetTime)
    i.DS1302_Write                           0x08001034   Section        0  ds1302.o(i.DS1302_Write)
    i.DS1302_delay                           0x080010d0   Section        0  ds1302.o(i.DS1302_delay)
    i.DS1302_init                            0x080010e8   Section        0  ds1302.o(i.DS1302_init)
    i.DebugMon_Handler                       0x08001118   Section        0  stm32f10x_it.o(i.DebugMon_Handler)
    i.Delay_ms                               0x0800111a   Section        0  delay.o(i.Delay_ms)
    i.Delay_us                               0x08001132   Section        0  delay.o(i.Delay_us)
    i.EXTI15_10_IRQHandler                   0x08001160   Section        0  nec.o(i.EXTI15_10_IRQHandler)
    i.EXTI_ClearITPendingBit                 0x080011ec   Section        0  stm32f10x_exti.o(i.EXTI_ClearITPendingBit)
    i.GPIO_Init                              0x080011f8   Section        0  stm32f10x_gpio.o(i.GPIO_Init)
    i.GPIO_ReadInputDataBit                  0x0800130e   Section        0  stm32f10x_gpio.o(i.GPIO_ReadInputDataBit)
    i.GPIO_ResetBits                         0x08001320   Section        0  stm32f10x_gpio.o(i.GPIO_ResetBits)
    i.GPIO_SetBits                           0x08001324   Section        0  stm32f10x_gpio.o(i.GPIO_SetBits)
    i.HW_jssj                                0x08001328   Section        0  nec.o(i.HW_jssj)
    i.HardFault_Handler                      0x08001358   Section        0  stm32f10x_it.o(i.HardFault_Handler)
    i.MemManage_Handler                      0x0800135c   Section        0  stm32f10x_it.o(i.MemManage_Handler)
    i.NMI_Handler                            0x08001360   Section        0  stm32f10x_it.o(i.NMI_Handler)
    i.NVIC_Init                              0x08001364   Section        0  misc.o(i.NVIC_Init)
    i.NVIC_PriorityGroupConfig               0x080013d4   Section        0  misc.o(i.NVIC_PriorityGroupConfig)
    i.PWM_Init                               0x080013e8   Section        0  pwm.o(i.PWM_Init)
    i.PWM_SetCompare1                        0x08001488   Section        0  pwm.o(i.PWM_SetCompare1)
    i.PWM_SetCompare2                        0x08001498   Section        0  pwm.o(i.PWM_SetCompare2)
    i.PendSV_Handler                         0x080014a8   Section        0  stm32f10x_it.o(i.PendSV_Handler)
    i.Please_Set_Time                        0x080014ac   Section        0  my_function.o(i.Please_Set_Time)
    i.RCC_APB1PeriphClockCmd                 0x08001604   Section        0  stm32f10x_rcc.o(i.RCC_APB1PeriphClockCmd)
    i.RCC_APB2PeriphClockCmd                 0x08001624   Section        0  stm32f10x_rcc.o(i.RCC_APB2PeriphClockCmd)
    i.RCC_GetClocksFreq                      0x08001644   Section        0  stm32f10x_rcc.o(i.RCC_GetClocksFreq)
    i.Read_Byte                              0x08001718   Section        0  dht11.o(i.Read_Byte)
    Read_Byte                                0x08001719   Thumb Code    82  dht11.o(i.Read_Byte)
    i.Read_DHT11                             0x08001770   Section        0  dht11.o(i.Read_DHT11)
    i.SVC_Handler                            0x08001810   Section        0  stm32f10x_it.o(i.SVC_Handler)
    i.Serial_Init                            0x08001814   Section        0  serial.o(i.Serial_Init)
    i.Serial_Pow                             0x080018cc   Section        0  serial.o(i.Serial_Pow)
    i.Serial_SendByte                        0x080018e0   Section        0  serial.o(i.Serial_SendByte)
    i.Serial_SendNumber                      0x08001900   Section        0  serial.o(i.Serial_SendNumber)
    i.Serial_SendString                      0x0800193a   Section        0  serial.o(i.Serial_SendString)
    i.SetSysClock                            0x08001954   Section        0  system_stm32f10x.o(i.SetSysClock)
    SetSysClock                              0x08001955   Thumb Code     8  system_stm32f10x.o(i.SetSysClock)
    i.SetSysClockTo72                        0x0800195c   Section        0  system_stm32f10x.o(i.SetSysClockTo72)
    SetSysClockTo72                          0x0800195d   Thumb Code   214  system_stm32f10x.o(i.SetSysClockTo72)
    i.Set_Clock                              0x08001a3c   Section        0  my_function.o(i.Set_Clock)
    i.SysTick_Handler                        0x08001aa8   Section        0  stm32f10x_it.o(i.SysTick_Handler)
    i.SystemInit                             0x08001aac   Section        0  system_stm32f10x.o(i.SystemInit)
    i.TIM3_IRQHandler                        0x08001b0c   Section        0  main.o(i.TIM3_IRQHandler)
    i.TIM_ClearFlag                          0x08001c3c   Section        0  stm32f10x_tim.o(i.TIM_ClearFlag)
    i.TIM_ClearITPendingBit                  0x08001c42   Section        0  stm32f10x_tim.o(i.TIM_ClearITPendingBit)
    i.TIM_Cmd                                0x08001c48   Section        0  stm32f10x_tim.o(i.TIM_Cmd)
    i.TIM_GetITStatus                        0x08001c60   Section        0  stm32f10x_tim.o(i.TIM_GetITStatus)
    i.TIM_ITConfig                           0x08001c82   Section        0  stm32f10x_tim.o(i.TIM_ITConfig)
    i.TIM_InternalClockConfig                0x08001c94   Section        0  stm32f10x_tim.o(i.TIM_InternalClockConfig)
    i.TIM_OC1Init                            0x08001ca0   Section        0  stm32f10x_tim.o(i.TIM_OC1Init)
    i.TIM_OC2Init                            0x08001d38   Section        0  stm32f10x_tim.o(i.TIM_OC2Init)
    i.TIM_OCStructInit                       0x08001ddc   Section        0  stm32f10x_tim.o(i.TIM_OCStructInit)
    i.TIM_SetCompare1                        0x08001df0   Section        0  stm32f10x_tim.o(i.TIM_SetCompare1)
    i.TIM_SetCompare2                        0x08001df4   Section        0  stm32f10x_tim.o(i.TIM_SetCompare2)
    i.TIM_TimeBaseInit                       0x08001df8   Section        0  stm32f10x_tim.o(i.TIM_TimeBaseInit)
    i.Time2cnt                               0x08001e9c   Section        0  my_function.o(i.Time2cnt)
    i.Timer_Init                             0x08001edc   Section        0  timer.o(i.Timer_Init)
    i.USART1_IRQHandler                      0x08001f58   Section        0  serial.o(i.USART1_IRQHandler)
    i.USART_ClearITPendingBit                0x08001fe4   Section        0  stm32f10x_usart.o(i.USART_ClearITPendingBit)
    i.USART_Cmd                              0x08002002   Section        0  stm32f10x_usart.o(i.USART_Cmd)
    i.USART_GetFlagStatus                    0x0800201a   Section        0  stm32f10x_usart.o(i.USART_GetFlagStatus)
    i.USART_GetITStatus                      0x08002034   Section        0  stm32f10x_usart.o(i.USART_GetITStatus)
    i.USART_ITConfig                         0x08002088   Section        0  stm32f10x_usart.o(i.USART_ITConfig)
    i.USART_Init                             0x080020d4   Section        0  stm32f10x_usart.o(i.USART_Init)
    i.USART_ReceiveData                      0x080021ac   Section        0  stm32f10x_usart.o(i.USART_ReceiveData)
    i.USART_SendData                         0x080021b6   Section        0  stm32f10x_usart.o(i.USART_SendData)
    i.UsageFault_Handler                     0x080021be   Section        0  stm32f10x_it.o(i.UsageFault_Handler)
    i._is_digit                              0x080021c2   Section        0  __printf_wp.o(i._is_digit)
    i.main                                   0x080021d0   Section        0  main.o(i.main)
    i.string2int                             0x08002580   Section        0  my_function.o(i.string2int)
    locale$$code                             0x080025e0   Section       44  lc_ctype_c.o(locale$$code)
    .constdata                               0x0800260c   Section       17  __printf_flags_wp.o(.constdata)
    maptable                                 0x0800260c   Data          17  __printf_flags_wp.o(.constdata)
    .constdata                               0x0800261d   Section       12  _monlen.o(.constdata)
    locale$$data                             0x0800264c   Section      272  lc_ctype_c.o(locale$$data)
    __lcctype_c_name                         0x08002650   Data           2  lc_ctype_c.o(locale$$data)
    __lcctype_c_start                        0x08002658   Data           0  lc_ctype_c.o(locale$$data)
    __lcctype_c_end                          0x0800275c   Data           0  lc_ctype_c.o(locale$$data)
    .data                                    0x20000000   Section       40  main.o(.data)
    aa1                                      0x20000000   Data           1  main.o(.data)
    bb1                                      0x20000001   Data           1  main.o(.data)
    .data                                    0x20000028   Section        2  nec.o(.data)
    .data                                    0x2000002a   Section        3  serial.o(.data)
    RxState                                  0x2000002b   Data           1  serial.o(.data)
    pRxPacket                                0x2000002c   Data           1  serial.o(.data)
    .data                                    0x2000002e   Section        4  my_function.o(.data)
    .data                                    0x20000032   Section       20  stm32f10x_rcc.o(.data)
    APBAHBPrescTable                         0x20000032   Data          16  stm32f10x_rcc.o(.data)
    ADCPrescTable                            0x20000042   Data           4  stm32f10x_rcc.o(.data)
    .bss                                     0x20000048   Section      124  main.o(.bss)
    .bss                                     0x200000c4   Section      100  serial.o(.bss)
    .bss                                     0x20000128   Section       12  ds1302.o(.bss)
    .bss                                     0x20000134   Section       96  libspace.o(.bss)
    HEAP                                     0x20000198   Section      512  startup_stm32f10x_ld.o(HEAP)
    Heap_Mem                                 0x20000198   Data         512  startup_stm32f10x_ld.o(HEAP)
    STACK                                    0x20000398   Section     1024  startup_stm32f10x_ld.o(STACK)
    Stack_Mem                                0x20000398   Data        1024  startup_stm32f10x_ld.o(STACK)
    __initial_sp                             0x20000798   Data           0  startup_stm32f10x_ld.o(STACK)

    Global Symbols

    Symbol Name                              Value     Ov Type        Size  Object(Section)

    BuildAttributes$$THM_ISAv4$P$D$K$B$S$PE$A:L22UL41UL21$X:L11$S22US41US21$IEEE1$IW$USESV6$~STKCKD$USESV7$~SHL$OTIME$ROPI$EBA8$UX$STANDARDLIB$REQ8$PRES8$EABIv2 0x00000000   Number         0  anon$$obj.o ABSOLUTE
    __ARM_use_no_argv                        0x00000000   Number         0  main.o ABSOLUTE
    _printf_flags                            0x00000000   Number         0  printf_stubs.o ABSOLUTE
    _printf_return_value                     0x00000000   Number         0  printf_stubs.o ABSOLUTE
    _printf_sizespec                         0x00000000   Number         0  printf_stubs.o ABSOLUTE
    _printf_widthprec                        0x00000000   Number         0  printf_stubs.o ABSOLUTE
    __ARM_exceptions_init                     - Undefined Weak Reference
    __alloca_initialize                       - Undefined Weak Reference
    __arm_preinit_                            - Undefined Weak Reference
    __cpp_initialize__aeabi_                  - Undefined Weak Reference
    __cxa_finalize                            - Undefined Weak Reference
    __sigvec_lookup                           - Undefined Weak Reference
    __user_heap_extent                        - Undefined Weak Reference
    _atexit_init                              - Undefined Weak Reference
    _call_atexit_fns                          - Undefined Weak Reference
    _clock_init                               - Undefined Weak Reference
    _fp_trap_init                             - Undefined Weak Reference
    _fp_trap_shutdown                         - Undefined Weak Reference
    _get_lc_collate                           - Undefined Weak Reference
    _get_lc_monetary                          - Undefined Weak Reference
    _get_lc_numeric                           - Undefined Weak Reference
    _get_lc_time                              - Undefined Weak Reference
    _getenv_init                              - Undefined Weak Reference
    _handle_redirection                       - Undefined Weak Reference
    _initio                                   - Undefined Weak Reference
    _mutex_acquire                            - Undefined Weak Reference
    _mutex_free                               - Undefined Weak Reference
    _mutex_release                            - Undefined Weak Reference
    _printf_truncate_signed                   - Undefined Weak Reference
    _printf_truncate_unsigned                 - Undefined Weak Reference
    _rand_init                                - Undefined Weak Reference
    _signal_finish                            - Undefined Weak Reference
    _signal_init                              - Undefined Weak Reference
    _terminateio                              - Undefined Weak Reference
    __Vectors_Size                           0x000000ec   Number         0  startup_stm32f10x_ld.o ABSOLUTE
    __Vectors                                0x08000000   Data           4  startup_stm32f10x_ld.o(RESET)
    __Vectors_End                            0x080000ec   Data           0  startup_stm32f10x_ld.o(RESET)
    __main                                   0x080000ed   Thumb Code     8  __main.o(!!!main)
    __scatterload                            0x080000f5   Thumb Code     0  __scatter.o(!!!scatter)
    __scatterload_rt2                        0x080000f5   Thumb Code    44  __scatter.o(!!!scatter)
    __scatterload_rt2_thumb_only             0x080000f5   Thumb Code     0  __scatter.o(!!!scatter)
    __scatterload_null                       0x08000103   Thumb Code     0  __scatter.o(!!!scatter)
    __scatterload_copy                       0x08000129   Thumb Code    26  __scatter_copy.o(!!handler_copy)
    __scatterload_zeroinit                   0x08000145   Thumb Code    28  __scatter_zi.o(!!handler_zi)
    _printf_d                                0x08000161   Thumb Code     0  _printf_d.o(.ARM.Collect$$_printf_percent$$00000009)
    _printf_percent                          0x08000161   Thumb Code     0  _printf_percent.o(.ARM.Collect$$_printf_percent$$00000000)
    _printf_percent_end                      0x08000167   Thumb Code     0  _printf_percent_end.o(.ARM.Collect$$_printf_percent$$00000017)
    __rt_lib_init                            0x0800016b   Thumb Code     0  libinit.o(.ARM.Collect$$libinit$$00000000)
    __rt_lib_init_fp_1                       0x0800016d   Thumb Code     0  libinit2.o(.ARM.Collect$$libinit$$00000002)
    __rt_lib_init_heap_2                     0x0800016d   Thumb Code     0  libinit2.o(.ARM.Collect$$libinit$$00000005)
    __rt_lib_init_preinit_1                  0x0800016d   Thumb Code     0  libinit2.o(.ARM.Collect$$libinit$$00000004)
    __rt_lib_init_heap_1                     0x08000175   Thumb Code     0  libinit2.o(.ARM.Collect$$libinit$$0000000A)
    __rt_lib_init_lc_common                  0x08000175   Thumb Code     0  libinit2.o(.ARM.Collect$$libinit$$0000000F)
    __rt_lib_init_rand_1                     0x08000175   Thumb Code     0  libinit2.o(.ARM.Collect$$libinit$$0000000E)
    __rt_lib_init_user_alloc_1               0x08000175   Thumb Code     0  libinit2.o(.ARM.Collect$$libinit$$0000000C)
    __rt_lib_init_lc_collate_1               0x0800017b   Thumb Code     0  libinit2.o(.ARM.Collect$$libinit$$00000011)
    __rt_lib_init_lc_ctype_2                 0x0800017b   Thumb Code     0  libinit2.o(.ARM.Collect$$libinit$$00000012)
    __rt_lib_init_alloca_1                   0x08000187   Thumb Code     0  libinit2.o(.ARM.Collect$$libinit$$0000002E)
    __rt_lib_init_argv_1                     0x08000187   Thumb Code     0  libinit2.o(.ARM.Collect$$libinit$$0000002C)
    __rt_lib_init_atexit_1                   0x08000187   Thumb Code     0  libinit2.o(.ARM.Collect$$libinit$$0000001B)
    __rt_lib_init_clock_1                    0x08000187   Thumb Code     0  libinit2.o(.ARM.Collect$$libinit$$00000021)
    __rt_lib_init_cpp_1                      0x08000187   Thumb Code     0  libinit2.o(.ARM.Collect$$libinit$$00000032)
    __rt_lib_init_exceptions_1               0x08000187   Thumb Code     0  libinit2.o(.ARM.Collect$$libinit$$00000030)
    __rt_lib_init_fp_trap_1                  0x08000187   Thumb Code     0  libinit2.o(.ARM.Collect$$libinit$$0000001F)
    __rt_lib_init_getenv_1                   0x08000187   Thumb Code     0  libinit2.o(.ARM.Collect$$libinit$$00000023)
    __rt_lib_init_lc_ctype_1                 0x08000187   Thumb Code     0  libinit2.o(.ARM.Collect$$libinit$$00000013)
    __rt_lib_init_lc_monetary_1              0x08000187   Thumb Code     0  libinit2.o(.ARM.Collect$$libinit$$00000015)
    __rt_lib_init_lc_numeric_1               0x08000187   Thumb Code     0  libinit2.o(.ARM.Collect$$libinit$$00000017)
    __rt_lib_init_lc_time_1                  0x08000187   Thumb Code     0  libinit2.o(.ARM.Collect$$libinit$$00000019)
    __rt_lib_init_return                     0x08000187   Thumb Code     0  libinit2.o(.ARM.Collect$$libinit$$00000033)
    __rt_lib_init_signal_1                   0x08000187   Thumb Code     0  libinit2.o(.ARM.Collect$$libinit$$0000001D)
    __rt_lib_init_stdio_1                    0x08000187   Thumb Code     0  libinit2.o(.ARM.Collect$$libinit$$00000025)
    __rt_lib_shutdown                        0x08000189   Thumb Code     0  libshutdown.o(.ARM.Collect$$libshutdown$$00000000)
    __rt_lib_shutdown_cpp_1                  0x0800018b   Thumb Code     0  libshutdown2.o(.ARM.Collect$$libshutdown$$00000002)
    __rt_lib_shutdown_fp_trap_1              0x0800018b   Thumb Code     0  libshutdown2.o(.ARM.Collect$$libshutdown$$00000007)
    __rt_lib_shutdown_heap_1                 0x0800018b   Thumb Code     0  libshutdown2.o(.ARM.Collect$$libshutdown$$0000000F)
    __rt_lib_shutdown_return                 0x0800018b   Thumb Code     0  libshutdown2.o(.ARM.Collect$$libshutdown$$00000010)
    __rt_lib_shutdown_signal_1               0x0800018b   Thumb Code     0  libshutdown2.o(.ARM.Collect$$libshutdown$$0000000A)
    __rt_lib_shutdown_stdio_1                0x0800018b   Thumb Code     0  libshutdown2.o(.ARM.Collect$$libshutdown$$00000004)
    __rt_lib_shutdown_user_alloc_1           0x0800018b   Thumb Code     0  libshutdown2.o(.ARM.Collect$$libshutdown$$0000000C)
    __rt_entry                               0x0800018d   Thumb Code     0  __rtentry.o(.ARM.Collect$$rtentry$$00000000)
    __rt_entry_presh_1                       0x0800018d   Thumb Code     0  __rtentry2.o(.ARM.Collect$$rtentry$$00000002)
    __rt_entry_sh                            0x0800018d   Thumb Code     0  __rtentry4.o(.ARM.Collect$$rtentry$$00000004)
    __rt_entry_li                            0x08000193   Thumb Code     0  __rtentry2.o(.ARM.Collect$$rtentry$$0000000A)
    __rt_entry_postsh_1                      0x08000193   Thumb Code     0  __rtentry2.o(.ARM.Collect$$rtentry$$00000009)
    __rt_entry_main                          0x08000197   Thumb Code     0  __rtentry2.o(.ARM.Collect$$rtentry$$0000000D)
    __rt_entry_postli_1                      0x08000197   Thumb Code     0  __rtentry2.o(.ARM.Collect$$rtentry$$0000000C)
    __rt_exit                                0x0800019f   Thumb Code     0  rtexit.o(.ARM.Collect$$rtexit$$00000000)
    __rt_exit_ls                             0x080001a1   Thumb Code     0  rtexit2.o(.ARM.Collect$$rtexit$$00000003)
    __rt_exit_prels_1                        0x080001a1   Thumb Code     0  rtexit2.o(.ARM.Collect$$rtexit$$00000002)
    __rt_exit_exit                           0x080001a5   Thumb Code     0  rtexit2.o(.ARM.Collect$$rtexit$$00000004)
    Reset_Handler                            0x080001ad   Thumb Code     8  startup_stm32f10x_ld.o(.text)
    _maybe_terminate_alloc                   0x080001ad   Thumb Code     0  maybetermalloc1.o(.emb_text)
    ADC1_2_IRQHandler                        0x080001c7   Thumb Code     0  startup_stm32f10x_ld.o(.text)
    CAN1_RX1_IRQHandler                      0x080001c7   Thumb Code     0  startup_stm32f10x_ld.o(.text)
    CAN1_SCE_IRQHandler                      0x080001c7   Thumb Code     0  startup_stm32f10x_ld.o(.text)
    DMA1_Channel1_IRQHandler                 0x080001c7   Thumb Code     0  startup_stm32f10x_ld.o(.text)
    DMA1_Channel2_IRQHandler                 0x080001c7   Thumb Code     0  startup_stm32f10x_ld.o(.text)
    DMA1_Channel3_IRQHandler                 0x080001c7   Thumb Code     0  startup_stm32f10x_ld.o(.text)
    DMA1_Channel4_IRQHandler                 0x080001c7   Thumb Code     0  startup_stm32f10x_ld.o(.text)
    DMA1_Channel5_IRQHandler                 0x080001c7   Thumb Code     0  startup_stm32f10x_ld.o(.text)
    DMA1_Channel6_IRQHandler                 0x080001c7   Thumb Code     0  startup_stm32f10x_ld.o(.text)
    DMA1_Channel7_IRQHandler                 0x080001c7   Thumb Code     0  startup_stm32f10x_ld.o(.text)
    EXTI0_IRQHandler                         0x080001c7   Thumb Code     0  startup_stm32f10x_ld.o(.text)
    EXTI1_IRQHandler                         0x080001c7   Thumb Code     0  startup_stm32f10x_ld.o(.text)
    EXTI2_IRQHandler                         0x080001c7   Thumb Code     0  startup_stm32f10x_ld.o(.text)
    EXTI3_IRQHandler                         0x080001c7   Thumb Code     0  startup_stm32f10x_ld.o(.text)
    EXTI4_IRQHandler                         0x080001c7   Thumb Code     0  startup_stm32f10x_ld.o(.text)
    EXTI9_5_IRQHandler                       0x080001c7   Thumb Code     0  startup_stm32f10x_ld.o(.text)
    FLASH_IRQHandler                         0x080001c7   Thumb Code     0  startup_stm32f10x_ld.o(.text)
    I2C1_ER_IRQHandler                       0x080001c7   Thumb Code     0  startup_stm32f10x_ld.o(.text)
    I2C1_EV_IRQHandler                       0x080001c7   Thumb Code     0  startup_stm32f10x_ld.o(.text)
    PVD_IRQHandler                           0x080001c7   Thumb Code     0  startup_stm32f10x_ld.o(.text)
    RCC_IRQHandler                           0x080001c7   Thumb Code     0  startup_stm32f10x_ld.o(.text)
    RTCAlarm_IRQHandler                      0x080001c7   Thumb Code     0  startup_stm32f10x_ld.o(.text)
    RTC_IRQHandler                           0x080001c7   Thumb Code     0  startup_stm32f10x_ld.o(.text)
    SPI1_IRQHandler                          0x080001c7   Thumb Code     0  startup_stm32f10x_ld.o(.text)
    TAMPER_IRQHandler                        0x080001c7   Thumb Code     0  startup_stm32f10x_ld.o(.text)
    TIM1_BRK_IRQHandler                      0x080001c7   Thumb Code     0  startup_stm32f10x_ld.o(.text)
    TIM1_CC_IRQHandler                       0x080001c7   Thumb Code     0  startup_stm32f10x_ld.o(.text)
    TIM1_TRG_COM_IRQHandler                  0x080001c7   Thumb Code     0  startup_stm32f10x_ld.o(.text)
    TIM1_UP_IRQHandler                       0x080001c7   Thumb Code     0  startup_stm32f10x_ld.o(.text)
    TIM2_IRQHandler                          0x080001c7   Thumb Code     0  startup_stm32f10x_ld.o(.text)
    USART2_IRQHandler                        0x080001c7   Thumb Code     0  startup_stm32f10x_ld.o(.text)
    USBWakeUp_IRQHandler                     0x080001c7   Thumb Code     0  startup_stm32f10x_ld.o(.text)
    USB_HP_CAN1_TX_IRQHandler                0x080001c7   Thumb Code     0  startup_stm32f10x_ld.o(.text)
    USB_LP_CAN1_RX0_IRQHandler               0x080001c7   Thumb Code     0  startup_stm32f10x_ld.o(.text)
    WWDG_IRQHandler                          0x080001c7   Thumb Code     0  startup_stm32f10x_ld.o(.text)
    __user_initial_stackheap                 0x080001c9   Thumb Code     0  startup_stm32f10x_ld.o(.text)
    malloc                                   0x080001ed   Thumb Code    94  h1_alloc.o(.text)
    free                                     0x0800024b   Thumb Code    78  h1_free.o(.text)
    __2sprintf                               0x08000299   Thumb Code    34  noretval__2sprintf.o(.text)
    _printf_pre_padding                      0x080002c1   Thumb Code    44  _printf_pad.o(.text)
    _printf_post_padding                     0x080002ed   Thumb Code    34  _printf_pad.o(.text)
    _printf_int_dec                          0x08000311   Thumb Code   104  _printf_dec.o(.text)
    __printf                                 0x08000389   Thumb Code   308  __printf_flags_wp.o(.text)
    strtol                                   0x080004c1   Thumb Code   112  strtol.o(.text)
    strlen                                   0x08000531   Thumb Code    62  strlen.o(.text)
    __aeabi_memmove                          0x0800056f   Thumb Code     0  rt_memmove_v6.o(.text)
    __rt_memmove                             0x0800056f   Thumb Code   132  rt_memmove_v6.o(.text)
    __memmove_lastfew                        0x080005cf   Thumb Code     0  rt_memmove_v6.o(.text)
    __aeabi_memcpy4                          0x080005f3   Thumb Code     0  rt_memcpy_w.o(.text)
    __aeabi_memcpy8                          0x080005f3   Thumb Code     0  rt_memcpy_w.o(.text)
    __rt_memcpy_w                            0x080005f3   Thumb Code   100  rt_memcpy_w.o(.text)
    _memcpy_lastbytes_aligned                0x0800063b   Thumb Code     0  rt_memcpy_w.o(.text)
    strcmp                                   0x08000659   Thumb Code   128  strcmpv7m.o(.text)
    mktime                                   0x08000717   Thumb Code   356  mktime.o(.text)
    __use_two_region_memory                  0x08000885   Thumb Code     2  heapauxi.o(.text)
    __rt_heap_escrow                         0x08000887   Thumb Code     2  heapauxi.o(.text)
    __rt_heap_expand                         0x08000889   Thumb Code     2  heapauxi.o(.text)
    __rt_ctype_table                         0x0800088d   Thumb Code    16  rt_ctype_table.o(.text)
    __rt_heap_descriptor                     0x0800089d   Thumb Code     8  rt_heap_descriptor_intlibspace.o(.text)
    __aeabi_errno_addr                       0x080008a5   Thumb Code     8  rt_errno_addr_intlibspace.o(.text)
    __errno$intlibspace                      0x080008a5   Thumb Code     0  rt_errno_addr_intlibspace.o(.text)
    __rt_errno_addr$intlibspace              0x080008a5   Thumb Code     0  rt_errno_addr_intlibspace.o(.text)
    __use_no_heap                            0x080008ad   Thumb Code     2  hguard.o(.text)
    __heap$guard                             0x080008af   Thumb Code     2  hguard.o(.text)
    _terminate_user_alloc                    0x080008b1   Thumb Code     2  init_alloc.o(.text)
    _init_user_alloc                         0x080008b3   Thumb Code     2  init_alloc.o(.text)
    __Heap_Full                              0x080008b5   Thumb Code    34  init_alloc.o(.text)
    __Heap_Broken                            0x080008d7   Thumb Code     6  init_alloc.o(.text)
    _init_alloc                              0x080008dd   Thumb Code    94  init_alloc.o(.text)
    __Heap_Initialize                        0x0800093b   Thumb Code    10  h1_init.o(.text)
    __Heap_DescSize                          0x08000945   Thumb Code     4  h1_init.o(.text)
    _printf_int_common                       0x08000949   Thumb Code   178  _printf_intcommon.o(.text)
    _printf_char_common                      0x08000a07   Thumb Code    32  _printf_char_common.o(.text)
    _sputc                                   0x08000a2d   Thumb Code    10  _sputc.o(.text)
    _strtoul                                 0x08000a37   Thumb Code   158  _strtoul.o(.text)
    __aeabi_memcpy                           0x08000ad5   Thumb Code     0  rt_memcpy_v6.o(.text)
    __rt_memcpy                              0x08000ad5   Thumb Code   138  rt_memcpy_v6.o(.text)
    _memcpy_lastbytes                        0x08000b3b   Thumb Code     0  rt_memcpy_v6.o(.text)
    __aeabi_memmove4                         0x08000b5f   Thumb Code     0  rt_memmove_w.o(.text)
    __aeabi_memmove8                         0x08000b5f   Thumb Code     0  rt_memmove_w.o(.text)
    __rt_memmove_w                           0x08000b5f   Thumb Code   122  rt_memmove_w.o(.text)
    __memmove_aligned                        0x08000b85   Thumb Code     0  rt_memmove_w.o(.text)
    __memmove_lastfew_aligned                0x08000bbd   Thumb Code     0  rt_memmove_w.o(.text)
    __user_libspace                          0x08000bd9   Thumb Code     8  libspace.o(.text)
    __user_perproc_libspace                  0x08000bd9   Thumb Code     0  libspace.o(.text)
    __user_perthread_libspace                0x08000bd9   Thumb Code     0  libspace.o(.text)
    __rt_locale                              0x08000be1   Thumb Code     8  rt_locale_intlibspace.o(.text)
    __Heap_ProvideMemory                     0x08000be9   Thumb Code    52  h1_extend.o(.text)
    _chval                                   0x08000c1d   Thumb Code    28  _chval.o(.text)
    __rt_SIGRTMEM                            0x08000c39   Thumb Code    14  defsig_rtmem_outer.o(.text)
    __I$use$semihosting                      0x08000c47   Thumb Code     0  use_no_semi.o(.text)
    __use_no_semihosting_swi                 0x08000c47   Thumb Code     2  use_no_semi.o(.text)
    __semihosting_library_function           0x08000c49   Thumb Code     0  indicate_semi.o(.text)
    __user_setup_stackheap                   0x08000c49   Thumb Code    74  sys_stackheap_outer.o(.text)
    exit                                     0x08000c93   Thumb Code    18  exit.o(.text)
    __sig_exit                               0x08000ca5   Thumb Code    10  defsig_exit.o(.text)
    __rt_SIGRTMEM_inner                      0x08000cb1   Thumb Code    22  defsig_rtmem_inner.o(.text)
    _sys_exit                                0x08000d01   Thumb Code     8  sys_exit.o(.text)
    __default_signal_display                 0x08000d0d   Thumb Code    50  defsig_general.o(.text)
    _ttywrch                                 0x08000d3f   Thumb Code    14  sys_wrch.o(.text)
    BusFault_Handler                         0x08000d4d   Thumb Code     4  stm32f10x_it.o(i.BusFault_Handler)
    DHT11_GPIO_Config                        0x08000d51   Thumb Code    46  dht11.o(i.DHT11_GPIO_Config)
    DS1302_GPIOInit                          0x08000dc5   Thumb Code    40  ds1302.o(i.DS1302_GPIOInit)
    DS1302_IO_GPIO                           0x08000df1   Thumb Code    68  ds1302.o(i.DS1302_IO_GPIO)
    DS1302_Read                              0x08000e39   Thumb Code   200  ds1302.o(i.DS1302_Read)
    DS1302_Readtime                          0x08000f05   Thumb Code    70  ds1302.o(i.DS1302_Readtime)
    DS1302_SetTime                           0x08000f51   Thumb Code   226  ds1302.o(i.DS1302_SetTime)
    DS1302_Write                             0x08001035   Thumb Code   150  ds1302.o(i.DS1302_Write)
    DS1302_delay                             0x080010d1   Thumb Code    24  ds1302.o(i.DS1302_delay)
    DS1302_init                              0x080010e9   Thumb Code    42  ds1302.o(i.DS1302_init)
    DebugMon_Handler                         0x08001119   Thumb Code     2  stm32f10x_it.o(i.DebugMon_Handler)
    Delay_ms                                 0x0800111b   Thumb Code    24  delay.o(i.Delay_ms)
    Delay_us                                 0x08001133   Thumb Code    46  delay.o(i.Delay_us)
    EXTI15_10_IRQHandler                     0x08001161   Thumb Code   126  nec.o(i.EXTI15_10_IRQHandler)
    EXTI_ClearITPendingBit                   0x080011ed   Thumb Code     6  stm32f10x_exti.o(i.EXTI_ClearITPendingBit)
    GPIO_Init                                0x080011f9   Thumb Code   278  stm32f10x_gpio.o(i.GPIO_Init)
    GPIO_ReadInputDataBit                    0x0800130f   Thumb Code    18  stm32f10x_gpio.o(i.GPIO_ReadInputDataBit)
    GPIO_ResetBits                           0x08001321   Thumb Code     4  stm32f10x_gpio.o(i.GPIO_ResetBits)
    GPIO_SetBits                             0x08001325   Thumb Code     4  stm32f10x_gpio.o(i.GPIO_SetBits)
    HW_jssj                                  0x08001329   Thumb Code    42  nec.o(i.HW_jssj)
    HardFault_Handler                        0x08001359   Thumb Code     4  stm32f10x_it.o(i.HardFault_Handler)
    MemManage_Handler                        0x0800135d   Thumb Code     4  stm32f10x_it.o(i.MemManage_Handler)
    NMI_Handler                              0x08001361   Thumb Code     2  stm32f10x_it.o(i.NMI_Handler)
    NVIC_Init                                0x08001365   Thumb Code   100  misc.o(i.NVIC_Init)
    NVIC_PriorityGroupConfig                 0x080013d5   Thumb Code    10  misc.o(i.NVIC_PriorityGroupConfig)
    PWM_Init                                 0x080013e9   Thumb Code   154  pwm.o(i.PWM_Init)
    PWM_SetCompare1                          0x08001489   Thumb Code    16  pwm.o(i.PWM_SetCompare1)
    PWM_SetCompare2                          0x08001499   Thumb Code    16  pwm.o(i.PWM_SetCompare2)
    PendSV_Handler                           0x080014a9   Thumb Code     2  stm32f10x_it.o(i.PendSV_Handler)
    Please_Set_Time                          0x080014ad   Thumb Code   330  my_function.o(i.Please_Set_Time)
    RCC_APB1PeriphClockCmd                   0x08001605   Thumb Code    26  stm32f10x_rcc.o(i.RCC_APB1PeriphClockCmd)
    RCC_APB2PeriphClockCmd                   0x08001625   Thumb Code    26  stm32f10x_rcc.o(i.RCC_APB2PeriphClockCmd)
    RCC_GetClocksFreq                        0x08001645   Thumb Code   192  stm32f10x_rcc.o(i.RCC_GetClocksFreq)
    Read_DHT11                               0x08001771   Thumb Code   156  dht11.o(i.Read_DHT11)
    SVC_Handler                              0x08001811   Thumb Code     2  stm32f10x_it.o(i.SVC_Handler)
    Serial_Init                              0x08001815   Thumb Code   174  serial.o(i.Serial_Init)
    Serial_Pow                               0x080018cd   Thumb Code    20  serial.o(i.Serial_Pow)
    Serial_SendByte                          0x080018e1   Thumb Code    28  serial.o(i.Serial_SendByte)
    Serial_SendNumber                        0x08001901   Thumb Code    58  serial.o(i.Serial_SendNumber)
    Serial_SendString                        0x0800193b   Thumb Code    26  serial.o(i.Serial_SendString)
    Set_Clock                                0x08001a3d   Thumb Code   102  my_function.o(i.Set_Clock)
    SysTick_Handler                          0x08001aa9   Thumb Code     2  stm32f10x_it.o(i.SysTick_Handler)
    SystemInit                               0x08001aad   Thumb Code    78  system_stm32f10x.o(i.SystemInit)
    TIM3_IRQHandler                          0x08001b0d   Thumb Code   248  main.o(i.TIM3_IRQHandler)
    TIM_ClearFlag                            0x08001c3d   Thumb Code     6  stm32f10x_tim.o(i.TIM_ClearFlag)
    TIM_ClearITPendingBit                    0x08001c43   Thumb Code     6  stm32f10x_tim.o(i.TIM_ClearITPendingBit)
    TIM_Cmd                                  0x08001c49   Thumb Code    24  stm32f10x_tim.o(i.TIM_Cmd)
    TIM_GetITStatus                          0x08001c61   Thumb Code    34  stm32f10x_tim.o(i.TIM_GetITStatus)
    TIM_ITConfig                             0x08001c83   Thumb Code    18  stm32f10x_tim.o(i.TIM_ITConfig)
    TIM_InternalClockConfig                  0x08001c95   Thumb Code    12  stm32f10x_tim.o(i.TIM_InternalClockConfig)
    TIM_OC1Init                              0x08001ca1   Thumb Code   132  stm32f10x_tim.o(i.TIM_OC1Init)
    TIM_OC2Init                              0x08001d39   Thumb Code   154  stm32f10x_tim.o(i.TIM_OC2Init)
    TIM_OCStructInit                         0x08001ddd   Thumb Code    20  stm32f10x_tim.o(i.TIM_OCStructInit)
    TIM_SetCompare1                          0x08001df1   Thumb Code     4  stm32f10x_tim.o(i.TIM_SetCompare1)
    TIM_SetCompare2                          0x08001df5   Thumb Code     4  stm32f10x_tim.o(i.TIM_SetCompare2)
    TIM_TimeBaseInit                         0x08001df9   Thumb Code   122  stm32f10x_tim.o(i.TIM_TimeBaseInit)
    Time2cnt                                 0x08001e9d   Thumb Code    62  my_function.o(i.Time2cnt)
    Timer_Init                               0x08001edd   Thumb Code   118  timer.o(i.Timer_Init)
    USART1_IRQHandler                        0x08001f59   Thumb Code   120  serial.o(i.USART1_IRQHandler)
    USART_ClearITPendingBit                  0x08001fe5   Thumb Code    30  stm32f10x_usart.o(i.USART_ClearITPendingBit)
    USART_Cmd                                0x08002003   Thumb Code    24  stm32f10x_usart.o(i.USART_Cmd)
    USART_GetFlagStatus                      0x0800201b   Thumb Code    26  stm32f10x_usart.o(i.USART_GetFlagStatus)
    USART_GetITStatus                        0x08002035   Thumb Code    84  stm32f10x_usart.o(i.USART_GetITStatus)
    USART_ITConfig                           0x08002089   Thumb Code    74  stm32f10x_usart.o(i.USART_ITConfig)
    USART_Init                               0x080020d5   Thumb Code   210  stm32f10x_usart.o(i.USART_Init)
    USART_ReceiveData                        0x080021ad   Thumb Code    10  stm32f10x_usart.o(i.USART_ReceiveData)
    USART_SendData                           0x080021b7   Thumb Code     8  stm32f10x_usart.o(i.USART_SendData)
    UsageFault_Handler                       0x080021bf   Thumb Code     4  stm32f10x_it.o(i.UsageFault_Handler)
    _is_digit                                0x080021c3   Thumb Code    14  __printf_wp.o(i._is_digit)
    main                                     0x080021d1   Thumb Code   616  main.o(i.main)
    string2int                               0x08002581   Thumb Code    92  my_function.o(i.string2int)
    _get_lc_ctype                            0x080025e1   Thumb Code    44  lc_ctype_c.o(locale$$code)
    _monlen                                  0x0800261d   Data          12  _monlen.o(.constdata)
    Region$$Table$$Base                      0x0800262c   Number         0  anon$$obj.o(Region$$Table)
    Region$$Table$$Limit                     0x0800264c   Number         0  anon$$obj.o(Region$$Table)
    __ctype                                  0x08002659   Data           0  lc_ctype_c.o(locale$$data)
    j                                        0x20000004   Data           4  main.o(.data)
    u                                        0x20000008   Data           4  main.o(.data)
    i                                        0x2000000c   Data           1  main.o(.data)
    temp_time_cnt                            0x20000010   Data           4  main.o(.data)
    clock_cnt                                0x20000014   Data           4  main.o(.data)
    Clock_flag                               0x20000018   Data           1  main.o(.data)
    Clock_state                              0x20000019   Data           1  main.o(.data)
    Time_flag                                0x2000001a   Data           1  main.o(.data)
    Clock_Time                               0x2000001c   Data           4  main.o(.data)
    gui_LED_v_cnt                            0x20000020   Data           1  main.o(.data)
    chuang_LED_v_cnt                         0x20000021   Data           1  main.o(.data)
    clock_LED_v_cnt                          0x20000022   Data           1  main.o(.data)
    clock_keep_time                          0x20000024   Data           4  main.o(.data)
    hw_jsbz                                  0x20000028   Data           1  nec.o(.data)
    hw_jsm                                   0x20000029   Data           1  nec.o(.data)
    Serial_RxFlag                            0x2000002a   Data           1  serial.o(.data)
    all                                      0x2000002e   Data           2  my_function.o(.data)
    tt                                       0x20000030   Data           2  my_function.o(.data)
    intact_Clock_Time                        0x20000048   Data          12  main.o(.bss)
    Will_Send_String                         0x20000054   Data         100  main.o(.bss)
    init_time                                0x200000b8   Data          12  main.o(.bss)
    Serial_RxPacket                          0x200000c4   Data         100  serial.o(.bss)
    time_data                                0x20000128   Data          12  ds1302.o(.bss)
    __libspace_start                         0x20000134   Data          96  libspace.o(.bss)
    __temporary_stack_top$libspace           0x20000194   Data           0  libspace.o(.bss)



==============================================================================

Memory Map of the image

  Image Entry point : 0x080000ed

  Load Region LR_IROM1 (Base: 0x08000000, Size: 0x000027a4, Max: 0x00008000, ABSOLUTE)

    Execution Region ER_IROM1 (Exec base: 0x08000000, Load base: 0x08000000, Size: 0x0000275c, Max: 0x00008000, ABSOLUTE)

    Exec Addr    Load Addr    Size         Type   Attr      Idx    E Section Name        Object

    0x08000000   0x08000000   0x000000ec   Data   RO          132    RESET               startup_stm32f10x_ld.o
    0x080000ec   0x080000ec   0x00000008   Code   RO         3867  * !!!main             c_w.l(__main.o)
    0x080000f4   0x080000f4   0x00000034   Code   RO         4105    !!!scatter          c_w.l(__scatter.o)
    0x08000128   0x08000128   0x0000001a   Code   RO         4107    !!handler_copy      c_w.l(__scatter_copy.o)
    0x08000142   0x08000142   0x00000002   PAD
    0x08000144   0x08000144   0x0000001c   Code   RO         4109    !!handler_zi        c_w.l(__scatter_zi.o)
    0x08000160   0x08000160   0x00000000   Code   RO         3849    .ARM.Collect$$_printf_percent$$00000000  c_w.l(_printf_percent.o)
    0x08000160   0x08000160   0x00000006   Code   RO         3848    .ARM.Collect$$_printf_percent$$00000009  c_w.l(_printf_d.o)
    0x08000166   0x08000166   0x00000004   Code   RO         3910    .ARM.Collect$$_printf_percent$$00000017  c_w.l(_printf_percent_end.o)
    0x0800016a   0x0800016a   0x00000002   Code   RO         4044    .ARM.Collect$$libinit$$00000000  c_w.l(libinit.o)
    0x0800016c   0x0800016c   0x00000000   Code   RO         3923    .ARM.Collect$$libinit$$00000002  c_w.l(libinit2.o)
    0x0800016c   0x0800016c   0x00000000   Code   RO         3925    .ARM.Collect$$libinit$$00000004  c_w.l(libinit2.o)
    0x0800016c   0x0800016c   0x00000008   Code   RO         3926    .ARM.Collect$$libinit$$00000005  c_w.l(libinit2.o)
    0x08000174   0x08000174   0x00000000   Code   RO         3928    .ARM.Collect$$libinit$$0000000A  c_w.l(libinit2.o)
    0x08000174   0x08000174   0x00000000   Code   RO         3930    .ARM.Collect$$libinit$$0000000C  c_w.l(libinit2.o)
    0x08000174   0x08000174   0x00000000   Code   RO         3932    .ARM.Collect$$libinit$$0000000E  c_w.l(libinit2.o)
    0x08000174   0x08000174   0x00000006   Code   RO         3933    .ARM.Collect$$libinit$$0000000F  c_w.l(libinit2.o)
    0x0800017a   0x0800017a   0x00000000   Code   RO         3935    .ARM.Collect$$libinit$$00000011  c_w.l(libinit2.o)
    0x0800017a   0x0800017a   0x0000000c   Code   RO         3936    .ARM.Collect$$libinit$$00000012  c_w.l(libinit2.o)
    0x08000186   0x08000186   0x00000000   Code   RO         3937    .ARM.Collect$$libinit$$00000013  c_w.l(libinit2.o)
    0x08000186   0x08000186   0x00000000   Code   RO         3939    .ARM.Collect$$libinit$$00000015  c_w.l(libinit2.o)
    0x08000186   0x08000186   0x00000000   Code   RO         3941    .ARM.Collect$$libinit$$00000017  c_w.l(libinit2.o)
    0x08000186   0x08000186   0x00000000   Code   RO         3943    .ARM.Collect$$libinit$$00000019  c_w.l(libinit2.o)
    0x08000186   0x08000186   0x00000000   Code   RO         3945    .ARM.Collect$$libinit$$0000001B  c_w.l(libinit2.o)
    0x08000186   0x08000186   0x00000000   Code   RO         3947    .ARM.Collect$$libinit$$0000001D  c_w.l(libinit2.o)
    0x08000186   0x08000186   0x00000000   Code   RO         3949    .ARM.Collect$$libinit$$0000001F  c_w.l(libinit2.o)
    0x08000186   0x08000186   0x00000000   Code   RO         3951    .ARM.Collect$$libinit$$00000021  c_w.l(libinit2.o)
    0x08000186   0x08000186   0x00000000   Code   RO         3953    .ARM.Collect$$libinit$$00000023  c_w.l(libinit2.o)
    0x08000186   0x08000186   0x00000000   Code   RO         3955    .ARM.Collect$$libinit$$00000025  c_w.l(libinit2.o)
    0x08000186   0x08000186   0x00000000   Code   RO         3959    .ARM.Collect$$libinit$$0000002C  c_w.l(libinit2.o)
    0x08000186   0x08000186   0x00000000   Code   RO         3961    .ARM.Collect$$libinit$$0000002E  c_w.l(libinit2.o)
    0x08000186   0x08000186   0x00000000   Code   RO         3963    .ARM.Collect$$libinit$$00000030  c_w.l(libinit2.o)
    0x08000186   0x08000186   0x00000000   Code   RO         3965    .ARM.Collect$$libinit$$00000032  c_w.l(libinit2.o)
    0x08000186   0x08000186   0x00000002   Code   RO         3966    .ARM.Collect$$libinit$$00000033  c_w.l(libinit2.o)
    0x08000188   0x08000188   0x00000002   Code   RO         4102    .ARM.Collect$$libshutdown$$00000000  c_w.l(libshutdown.o)
    0x0800018a   0x0800018a   0x00000000   Code   RO         4058    .ARM.Collect$$libshutdown$$00000002  c_w.l(libshutdown2.o)
    0x0800018a   0x0800018a   0x00000000   Code   RO         4060    .ARM.Collect$$libshutdown$$00000004  c_w.l(libshutdown2.o)
    0x0800018a   0x0800018a   0x00000000   Code   RO         4063    .ARM.Collect$$libshutdown$$00000007  c_w.l(libshutdown2.o)
    0x0800018a   0x0800018a   0x00000000   Code   RO         4066    .ARM.Collect$$libshutdown$$0000000A  c_w.l(libshutdown2.o)
    0x0800018a   0x0800018a   0x00000000   Code   RO         4068    .ARM.Collect$$libshutdown$$0000000C  c_w.l(libshutdown2.o)
    0x0800018a   0x0800018a   0x00000000   Code   RO         4071    .ARM.Collect$$libshutdown$$0000000F  c_w.l(libshutdown2.o)
    0x0800018a   0x0800018a   0x00000002   Code   RO         4072    .ARM.Collect$$libshutdown$$00000010  c_w.l(libshutdown2.o)
    0x0800018c   0x0800018c   0x00000000   Code   RO         3871    .ARM.Collect$$rtentry$$00000000  c_w.l(__rtentry.o)
    0x0800018c   0x0800018c   0x00000000   Code   RO         3973    .ARM.Collect$$rtentry$$00000002  c_w.l(__rtentry2.o)
    0x0800018c   0x0800018c   0x00000006   Code   RO         3985    .ARM.Collect$$rtentry$$00000004  c_w.l(__rtentry4.o)
    0x08000192   0x08000192   0x00000000   Code   RO         3975    .ARM.Collect$$rtentry$$00000009  c_w.l(__rtentry2.o)
    0x08000192   0x08000192   0x00000004   Code   RO         3976    .ARM.Collect$$rtentry$$0000000A  c_w.l(__rtentry2.o)
    0x08000196   0x08000196   0x00000000   Code   RO         3978    .ARM.Collect$$rtentry$$0000000C  c_w.l(__rtentry2.o)
    0x08000196   0x08000196   0x00000008   Code   RO         3979    .ARM.Collect$$rtentry$$0000000D  c_w.l(__rtentry2.o)
    0x0800019e   0x0800019e   0x00000002   Code   RO         4047    .ARM.Collect$$rtexit$$00000000  c_w.l(rtexit.o)
    0x080001a0   0x080001a0   0x00000000   Code   RO         4076    .ARM.Collect$$rtexit$$00000002  c_w.l(rtexit2.o)
    0x080001a0   0x080001a0   0x00000004   Code   RO         4077    .ARM.Collect$$rtexit$$00000003  c_w.l(rtexit2.o)
    0x080001a4   0x080001a4   0x00000006   Code   RO         4078    .ARM.Collect$$rtexit$$00000004  c_w.l(rtexit2.o)
    0x080001aa   0x080001aa   0x00000002   PAD
    0x080001ac   0x080001ac   0x00000000   Code   RO         3994    .emb_text           c_w.l(maybetermalloc1.o)
    0x080001ac   0x080001ac   0x00000040   Code   RO          133    .text               startup_stm32f10x_ld.o
    0x080001ec   0x080001ec   0x0000005e   Code   RO         3760    .text               c_w.l(h1_alloc.o)
    0x0800024a   0x0800024a   0x0000004e   Code   RO         3762    .text               c_w.l(h1_free.o)
    0x08000298   0x08000298   0x00000028   Code   RO         3820    .text               c_w.l(noretval__2sprintf.o)
    0x080002c0   0x080002c0   0x0000004e   Code   RO         3824    .text               c_w.l(_printf_pad.o)
    0x0800030e   0x0800030e   0x00000002   PAD
    0x08000310   0x08000310   0x00000078   Code   RO         3826    .text               c_w.l(_printf_dec.o)
    0x08000388   0x08000388   0x00000138   Code   RO         3840    .text               c_w.l(__printf_flags_wp.o)
    0x080004c0   0x080004c0   0x00000070   Code   RO         3850    .text               c_w.l(strtol.o)
    0x08000530   0x08000530   0x0000003e   Code   RO         3852    .text               c_w.l(strlen.o)
    0x0800056e   0x0800056e   0x00000084   Code   RO         3854    .text               c_w.l(rt_memmove_v6.o)
    0x080005f2   0x080005f2   0x00000064   Code   RO         3856    .text               c_w.l(rt_memcpy_w.o)
    0x08000656   0x08000656   0x00000002   PAD
    0x08000658   0x08000658   0x00000080   Code   RO         3858    .text               c_w.l(strcmpv7m.o)
    0x080006d8   0x080006d8   0x000001ac   Code   RO         3863    .text               c_w.l(mktime.o)
    0x08000884   0x08000884   0x00000006   Code   RO         3865    .text               c_w.l(heapauxi.o)
    0x0800088a   0x0800088a   0x00000002   PAD
    0x0800088c   0x0800088c   0x00000010   Code   RO         3872    .text               c_w.l(rt_ctype_table.o)
    0x0800089c   0x0800089c   0x00000008   Code   RO         3877    .text               c_w.l(rt_heap_descriptor_intlibspace.o)
    0x080008a4   0x080008a4   0x00000008   Code   RO         3882    .text               c_w.l(rt_errno_addr_intlibspace.o)
    0x080008ac   0x080008ac   0x00000004   Code   RO         3884    .text               c_w.l(hguard.o)
    0x080008b0   0x080008b0   0x0000008a   Code   RO         3886    .text               c_w.l(init_alloc.o)
    0x0800093a   0x0800093a   0x0000000e   Code   RO         3890    .text               c_w.l(h1_init.o)
    0x08000948   0x08000948   0x000000b2   Code   RO         3904    .text               c_w.l(_printf_intcommon.o)
    0x080009fa   0x080009fa   0x00000002   PAD
    0x080009fc   0x080009fc   0x00000030   Code   RO         3906    .text               c_w.l(_printf_char_common.o)
    0x08000a2c   0x08000a2c   0x0000000a   Code   RO         3908    .text               c_w.l(_sputc.o)
    0x08000a36   0x08000a36   0x0000009e   Code   RO         3911    .text               c_w.l(_strtoul.o)
    0x08000ad4   0x08000ad4   0x0000008a   Code   RO         3913    .text               c_w.l(rt_memcpy_v6.o)
    0x08000b5e   0x08000b5e   0x0000007a   Code   RO         3915    .text               c_w.l(rt_memmove_w.o)
    0x08000bd8   0x08000bd8   0x00000008   Code   RO         3969    .text               c_w.l(libspace.o)
    0x08000be0   0x08000be0   0x00000008   Code   RO         3990    .text               c_w.l(rt_locale_intlibspace.o)
    0x08000be8   0x08000be8   0x00000034   Code   RO         3996    .text               c_w.l(h1_extend.o)
    0x08000c1c   0x08000c1c   0x0000001c   Code   RO         4002    .text               c_w.l(_chval.o)
    0x08000c38   0x08000c38   0x0000000e   Code   RO         4007    .text               c_w.l(defsig_rtmem_outer.o)
    0x08000c46   0x08000c46   0x00000002   Code   RO         4020    .text               c_w.l(use_no_semi.o)
    0x08000c48   0x08000c48   0x00000000   Code   RO         4022    .text               c_w.l(indicate_semi.o)
    0x08000c48   0x08000c48   0x0000004a   Code   RO         4023    .text               c_w.l(sys_stackheap_outer.o)
    0x08000c92   0x08000c92   0x00000012   Code   RO         4029    .text               c_w.l(exit.o)
    0x08000ca4   0x08000ca4   0x0000000a   Code   RO         4031    .text               c_w.l(defsig_exit.o)
    0x08000cae   0x08000cae   0x00000002   PAD
    0x08000cb0   0x08000cb0   0x00000050   Code   RO         4033    .text               c_w.l(defsig_rtmem_inner.o)
    0x08000d00   0x08000d00   0x0000000c   Code   RO         4045    .text               c_w.l(sys_exit.o)
    0x08000d0c   0x08000d0c   0x00000032   Code   RO         4055    .text               c_w.l(defsig_general.o)
    0x08000d3e   0x08000d3e   0x0000000e   Code   RO         4073    .text               c_w.l(sys_wrch.o)
    0x08000d4c   0x08000d4c   0x00000004   Code   RO          221    i.BusFault_Handler  stm32f10x_it.o
    0x08000d50   0x08000d50   0x00000034   Code   RO          490    i.DHT11_GPIO_Config  dht11.o
    0x08000d84   0x08000d84   0x0000001c   Code   RO          491    i.DHT11_Mode_IPU    dht11.o
    0x08000da0   0x08000da0   0x00000024   Code   RO          492    i.DHT11_Mode_Out_PP  dht11.o
    0x08000dc4   0x08000dc4   0x0000002c   Code   RO          534    i.DS1302_GPIOInit   ds1302.o
    0x08000df0   0x08000df0   0x00000048   Code   RO          535    i.DS1302_IO_GPIO    ds1302.o
    0x08000e38   0x08000e38   0x000000cc   Code   RO          538    i.DS1302_Read       ds1302.o
    0x08000f04   0x08000f04   0x0000004c   Code   RO          539    i.DS1302_Readtime   ds1302.o
    0x08000f50   0x08000f50   0x000000e2   Code   RO          540    i.DS1302_SetTime    ds1302.o
    0x08001032   0x08001032   0x00000002   PAD
    0x08001034   0x08001034   0x0000009c   Code   RO          541    i.DS1302_Write      ds1302.o
    0x080010d0   0x080010d0   0x00000018   Code   RO          542    i.DS1302_delay      ds1302.o
    0x080010e8   0x080010e8   0x00000030   Code   RO          543    i.DS1302_init       ds1302.o
    0x08001118   0x08001118   0x00000002   Code   RO          222    i.DebugMon_Handler  stm32f10x_it.o
    0x0800111a   0x0800111a   0x00000018   Code   RO          609    i.Delay_ms          delay.o
    0x08001132   0x08001132   0x0000002e   Code   RO          611    i.Delay_us          delay.o
    0x08001160   0x08001160   0x0000008c   Code   RO          365    i.EXTI15_10_IRQHandler  nec.o
    0x080011ec   0x080011ec   0x0000000c   Code   RO         1543    i.EXTI_ClearITPendingBit  stm32f10x_exti.o
    0x080011f8   0x080011f8   0x00000116   Code   RO         1905    i.GPIO_Init         stm32f10x_gpio.o
    0x0800130e   0x0800130e   0x00000012   Code   RO         1909    i.GPIO_ReadInputDataBit  stm32f10x_gpio.o
    0x08001320   0x08001320   0x00000004   Code   RO         1912    i.GPIO_ResetBits    stm32f10x_gpio.o
    0x08001324   0x08001324   0x00000004   Code   RO         1913    i.GPIO_SetBits      stm32f10x_gpio.o
    0x08001328   0x08001328   0x00000030   Code   RO          366    i.HW_jssj           nec.o
    0x08001358   0x08001358   0x00000004   Code   RO          223    i.HardFault_Handler  stm32f10x_it.o
    0x0800135c   0x0800135c   0x00000004   Code   RO          224    i.MemManage_Handler  stm32f10x_it.o
    0x08001360   0x08001360   0x00000002   Code   RO          225    i.NMI_Handler       stm32f10x_it.o
    0x08001362   0x08001362   0x00000002   PAD
    0x08001364   0x08001364   0x00000070   Code   RO          718    i.NVIC_Init         misc.o
    0x080013d4   0x080013d4   0x00000014   Code   RO          719    i.NVIC_PriorityGroupConfig  misc.o
    0x080013e8   0x080013e8   0x000000a0   Code   RO          466    i.PWM_Init          pwm.o
    0x08001488   0x08001488   0x00000010   Code   RO          467    i.PWM_SetCompare1   pwm.o
    0x08001498   0x08001498   0x00000010   Code   RO          468    i.PWM_SetCompare2   pwm.o
    0x080014a8   0x080014a8   0x00000002   Code   RO          226    i.PendSV_Handler    stm32f10x_it.o
    0x080014aa   0x080014aa   0x00000002   PAD
    0x080014ac   0x080014ac   0x00000158   Code   RO          666    i.Please_Set_Time   my_function.o
    0x08001604   0x08001604   0x00000020   Code   RO         2333    i.RCC_APB1PeriphClockCmd  stm32f10x_rcc.o
    0x08001624   0x08001624   0x00000020   Code   RO         2335    i.RCC_APB2PeriphClockCmd  stm32f10x_rcc.o
    0x08001644   0x08001644   0x000000d4   Code   RO         2343    i.RCC_GetClocksFreq  stm32f10x_rcc.o
    0x08001718   0x08001718   0x00000058   Code   RO          493    i.Read_Byte         dht11.o
    0x08001770   0x08001770   0x000000a0   Code   RO          494    i.Read_DHT11        dht11.o
    0x08001810   0x08001810   0x00000002   Code   RO          227    i.SVC_Handler       stm32f10x_it.o
    0x08001812   0x08001812   0x00000002   PAD
    0x08001814   0x08001814   0x000000b8   Code   RO          395    i.Serial_Init       serial.o
    0x080018cc   0x080018cc   0x00000014   Code   RO          396    i.Serial_Pow        serial.o
    0x080018e0   0x080018e0   0x00000020   Code   RO          398    i.Serial_SendByte   serial.o
    0x08001900   0x08001900   0x0000003a   Code   RO          399    i.Serial_SendNumber  serial.o
    0x0800193a   0x0800193a   0x0000001a   Code   RO          400    i.Serial_SendString  serial.o
    0x08001954   0x08001954   0x00000008   Code   RO           17    i.SetSysClock       system_stm32f10x.o
    0x0800195c   0x0800195c   0x000000e0   Code   RO           18    i.SetSysClockTo72   system_stm32f10x.o
    0x08001a3c   0x08001a3c   0x0000006c   Code   RO          667    i.Set_Clock         my_function.o
    0x08001aa8   0x08001aa8   0x00000002   Code   RO          228    i.SysTick_Handler   stm32f10x_it.o
    0x08001aaa   0x08001aaa   0x00000002   PAD
    0x08001aac   0x08001aac   0x00000060   Code   RO           20    i.SystemInit        system_stm32f10x.o
    0x08001b0c   0x08001b0c   0x00000130   Code   RO          137    i.TIM3_IRQHandler   main.o
    0x08001c3c   0x08001c3c   0x00000006   Code   RO         2973    i.TIM_ClearFlag     stm32f10x_tim.o
    0x08001c42   0x08001c42   0x00000006   Code   RO         2974    i.TIM_ClearITPendingBit  stm32f10x_tim.o
    0x08001c48   0x08001c48   0x00000018   Code   RO         2979    i.TIM_Cmd           stm32f10x_tim.o
    0x08001c60   0x08001c60   0x00000022   Code   RO         3000    i.TIM_GetITStatus   stm32f10x_tim.o
    0x08001c82   0x08001c82   0x00000012   Code   RO         3004    i.TIM_ITConfig      stm32f10x_tim.o
    0x08001c94   0x08001c94   0x0000000c   Code   RO         3006    i.TIM_InternalClockConfig  stm32f10x_tim.o
    0x08001ca0   0x08001ca0   0x00000098   Code   RO         3008    i.TIM_OC1Init       stm32f10x_tim.o
    0x08001d38   0x08001d38   0x000000a4   Code   RO         3013    i.TIM_OC2Init       stm32f10x_tim.o
    0x08001ddc   0x08001ddc   0x00000014   Code   RO         3026    i.TIM_OCStructInit  stm32f10x_tim.o
    0x08001df0   0x08001df0   0x00000004   Code   RO         3040    i.TIM_SetCompare1   stm32f10x_tim.o
    0x08001df4   0x08001df4   0x00000004   Code   RO         3041    i.TIM_SetCompare2   stm32f10x_tim.o
    0x08001df8   0x08001df8   0x000000a4   Code   RO         3050    i.TIM_TimeBaseInit  stm32f10x_tim.o
    0x08001e9c   0x08001e9c   0x0000003e   Code   RO          668    i.Time2cnt          my_function.o
    0x08001eda   0x08001eda   0x00000002   PAD
    0x08001edc   0x08001edc   0x0000007c   Code   RO          454    i.Timer_Init        timer.o
    0x08001f58   0x08001f58   0x0000008c   Code   RO          401    i.USART1_IRQHandler  serial.o
    0x08001fe4   0x08001fe4   0x0000001e   Code   RO         3515    i.USART_ClearITPendingBit  stm32f10x_usart.o
    0x08002002   0x08002002   0x00000018   Code   RO         3518    i.USART_Cmd         stm32f10x_usart.o
    0x0800201a   0x0800201a   0x0000001a   Code   RO         3521    i.USART_GetFlagStatus  stm32f10x_usart.o
    0x08002034   0x08002034   0x00000054   Code   RO         3522    i.USART_GetITStatus  stm32f10x_usart.o
    0x08002088   0x08002088   0x0000004a   Code   RO         3524    i.USART_ITConfig    stm32f10x_usart.o
    0x080020d2   0x080020d2   0x00000002   PAD
    0x080020d4   0x080020d4   0x000000d8   Code   RO         3525    i.USART_Init        stm32f10x_usart.o
    0x080021ac   0x080021ac   0x0000000a   Code   RO         3532    i.USART_ReceiveData  stm32f10x_usart.o
    0x080021b6   0x080021b6   0x00000008   Code   RO         3535    i.USART_SendData    stm32f10x_usart.o
    0x080021be   0x080021be   0x00000004   Code   RO          229    i.UsageFault_Handler  stm32f10x_it.o
    0x080021c2   0x080021c2   0x0000000e   Code   RO         3838    i._is_digit         c_w.l(__printf_wp.o)
    0x080021d0   0x080021d0   0x000003b0   Code   RO          138    i.main              main.o
    0x08002580   0x08002580   0x00000060   Code   RO          669    i.string2int        my_function.o
    0x080025e0   0x080025e0   0x0000002c   Code   RO         4005    locale$$code        c_w.l(lc_ctype_c.o)
    0x0800260c   0x0800260c   0x00000011   Data   RO         3841    .constdata          c_w.l(__printf_flags_wp.o)
    0x0800261d   0x0800261d   0x0000000c   Data   RO         3917    .constdata          c_w.l(_monlen.o)
    0x08002629   0x08002629   0x00000003   PAD
    0x0800262c   0x0800262c   0x00000020   Data   RO         4103    Region$$Table       anon$$obj.o
    0x0800264c   0x0800264c   0x00000110   Data   RO         4004    locale$$data        c_w.l(lc_ctype_c.o)


    Execution Region RW_IRAM1 (Exec base: 0x20000000, Load base: 0x0800275c, Size: 0x00000798, Max: 0x00002800, ABSOLUTE)

    Exec Addr    Load Addr    Size         Type   Attr      Idx    E Section Name        Object

    0x20000000   0x0800275c   0x00000028   Data   RW          140    .data               main.o
    0x20000028   0x08002784   0x00000002   Data   RW          368    .data               nec.o
    0x2000002a   0x08002786   0x00000003   Data   RW          403    .data               serial.o
    0x2000002d   0x08002789   0x00000001   PAD
    0x2000002e   0x0800278a   0x00000004   Data   RW          670    .data               my_function.o
    0x20000032   0x0800278e   0x00000014   Data   RW         2363    .data               stm32f10x_rcc.o
    0x20000046   0x080027a2   0x00000002   PAD
    0x20000048        -       0x0000007c   Zero   RW          139    .bss                main.o
    0x200000c4        -       0x00000064   Zero   RW          402    .bss                serial.o
    0x20000128        -       0x0000000c   Zero   RW          544    .bss                ds1302.o
    0x20000134        -       0x00000060   Zero   RW         3970    .bss                c_w.l(libspace.o)
    0x20000194   0x080027a2   0x00000004   PAD
    0x20000198        -       0x00000200   Zero   RW          131    HEAP                startup_stm32f10x_ld.o
    0x20000398        -       0x00000400   Zero   RW          130    STACK               startup_stm32f10x_ld.o


==============================================================================

Image component sizes


      Code (inc. data)   RO Data    RW Data    ZI Data      Debug   Object Name

         0          0          0          0          0       4548   core_cm3.o
        70          0          0          0          0        874   delay.o
       364         26          0          0          0       3581   dht11.o
       850         30          0          0         12       4916   ds1302.o
      1248        384          0         40        124     207065   main.o
       132         22          0          0          0       3095   misc.o
       610         24          0          4          0       3663   my_function.o
       188         20          0          2          0       1326   nec.o
       192          6          0          0          0       1523   pwm.o
       460         34          0          3        100       4605   serial.o
        64         26        236          0       1536        768   startup_stm32f10x_ld.o
        12          6          0          0          0        461   stm32f10x_exti.o
       304          0          0          0          0      11768   stm32f10x_gpio.o
        26          0          0          0          0       3522   stm32f10x_it.o
       276         32          0         20          0      12954   stm32f10x_rcc.o
       608         72          0          0          0      27267   stm32f10x_tim.o
       472          6          0          0          0      12355   stm32f10x_usart.o
       328         28          0          0          0      45145   system_stm32f10x.o
       124          6          0          0          0        533   timer.o

    ----------------------------------------------------------------------
      6342        722        268         72       1772     349969   Object Totals
         0          0         32          0          0          0   (incl. Generated)
        14          0          0          3          0          0   (incl. Padding)

    ----------------------------------------------------------------------

      Code (inc. data)   RO Data    RW Data    ZI Data      Debug   Library Member Name

         8          0          0          0          0         68   __main.o
       312          4         17          0          0         92   __printf_flags_wp.o
        14          0          0          0          0         68   __printf_wp.o
         0          0          0          0          0          0   __rtentry.o
        12          0          0          0          0          0   __rtentry2.o
         6          0          0          0          0          0   __rtentry4.o
        52          8          0          0          0          0   __scatter.o
        26          0          0          0          0          0   __scatter_copy.o
        28          0          0          0          0          0   __scatter_zi.o
        28          0          0          0          0         68   _chval.o
         0          0         12          0          0          0   _monlen.o
        48          6          0          0          0         96   _printf_char_common.o
         6          0          0          0          0          0   _printf_d.o
       120         16          0          0          0         92   _printf_dec.o
       178          0          0          0          0         88   _printf_intcommon.o
        78          0          0          0          0        108   _printf_pad.o
         0          0          0          0          0          0   _printf_percent.o
         4          0          0          0          0          0   _printf_percent_end.o
        10          0          0          0          0         68   _sputc.o
       158          0          0          0          0         92   _strtoul.o
        10          0          0          0          0         68   defsig_exit.o
        50          0          0          0          0         88   defsig_general.o
        80         58          0          0          0         76   defsig_rtmem_inner.o
        14          0          0          0          0         80   defsig_rtmem_outer.o
        18          0          0          0          0         80   exit.o
        94          0          0          0          0         80   h1_alloc.o
        52          0          0          0          0         68   h1_extend.o
        78          0          0          0          0         80   h1_free.o
        14          0          0          0          0         84   h1_init.o
         6          0          0          0          0        152   heapauxi.o
         4          0          0          0          0        136   hguard.o
         0          0          0          0          0          0   indicate_semi.o
       138          0          0          0          0        168   init_alloc.o
        44         10        272          0          0         76   lc_ctype_c.o
         2          0          0          0          0          0   libinit.o
        28          0          0          0          0          0   libinit2.o
         2          0          0          0          0          0   libshutdown.o
         2          0          0          0          0          0   libshutdown2.o
         8          4          0          0         96         68   libspace.o
         0          0          0          0          0          0   maybetermalloc1.o
       428         10          0          0          0        116   mktime.o
        40          6          0          0          0         84   noretval__2sprintf.o
        16          4          0          0          0         76   rt_ctype_table.o
         8          4          0          0          0         68   rt_errno_addr_intlibspace.o
         8          4          0          0          0         68   rt_heap_descriptor_intlibspace.o
         8          4          0          0          0         68   rt_locale_intlibspace.o
       138          0          0          0          0         68   rt_memcpy_v6.o
       100          0          0          0          0         80   rt_memcpy_w.o
       132          0          0          0          0         68   rt_memmove_v6.o
       122          0          0          0          0         80   rt_memmove_w.o
         2          0          0          0          0          0   rtexit.o
        10          0          0          0          0          0   rtexit2.o
       128          0          0          0          0         68   strcmpv7m.o
        62          0          0          0          0         76   strlen.o
       112          0          0          0          0         88   strtol.o
        12          4          0          0          0         68   sys_exit.o
        74          0          0          0          0         80   sys_stackheap_outer.o
        14          0          0          0          0         76   sys_wrch.o
         2          0          0          0          0         68   use_no_semi.o

    ----------------------------------------------------------------------
      3162        142        304          0        100       3444   Library Totals
        14          0          3          0          4          0   (incl. Padding)

    ----------------------------------------------------------------------

      Code (inc. data)   RO Data    RW Data    ZI Data      Debug   Library Name

      3148        142        301          0         96       3444   c_w.l

    ----------------------------------------------------------------------
      3162        142        304          0        100       3444   Library Totals

    ----------------------------------------------------------------------

==============================================================================


      Code (inc. data)   RO Data    RW Data    ZI Data      Debug   

      9504        864        572         72       1872     347741   Grand Totals
      9504        864        572         72       1872     347741   ELF Image Totals
      9504        864        572         72          0          0   ROM Totals

==============================================================================

    Total RO  Size (Code + RO Data)                10076 (   9.84kB)
    Total RW  Size (RW Data + ZI Data)              1944 (   1.90kB)
    Total ROM Size (Code + RO Data + RW Data)      10148 (   9.91kB)

==============================================================================

